c --- [ banner ] -------------------------------------------------------------
c 
c CaDiCaL SAT Solver
c Copyright (c) 2016-2026
c A. Biere, M. Fleury, N. Froleyks, K. Fazekas, F. Pollitt, T. Faller
c JKU Linz, University of Freiburg, TU Wien
c 
c Version 3.0.1 c60730422e758ef1cebe7aeddf2dda31c996bf04
c g++ (Ubuntu 13.3.0-6ubuntu2~24.04.1) 13.3.0 -Wall -Wextra -O3 -DNDEBUG
c Tue Oct 6 18:56:05 EDT 2026 Linux vm 6.18.44-fc-v70 x86_64
c 
c --- [ proof tracing ] ------------------------------------------------------
c 
c opening file to write 'verification/lrat/certs/proofs/R3_R3_ids_le15.lrat'
c writing binary proof trace to 'verification/lrat/certs/proofs/R3_R3_ids_le15.lrat'
c 
c --- [ parsing input ] ------------------------------------------------------
c 
c reading DIMACS file from 'verification/lrat/certs/cnf/R3_R3_ids_le15.cnf'
c opening file to read 'verification/lrat/certs/cnf/R3_R3_ids_le15.cnf'
c found 'p cnf 785 1629' header
c parsed 1629 clauses in 0.00 seconds process time
c 
c --- [ options ] ------------------------------------------------------------
c 
c   --lrat=true                    (different from default 'false')
c 
c --- [ solving ] ------------------------------------------------------------
c 
c time measured in process time since initialization
c 
c  seconds  reduction conflicts       size tier2     variables
c         MB    restarts   redundant    glue  trail      remaining
c          level     rate       size/glu tier1 irredundant
c 
c *  0.00  5  0 0   0  0    0    0 0.0 0 0 2 6  0% 1587 771 98%
c )  0.00  5  0 0   0  0    0    0 0.0 0 0 2 6  0% 1587 771 98%
c {  0.00  5  0 0   0  0    0    0 0.0 0 0 2 6  0% 1587 771 98%
c -  0.00  6 61 1   2  3  302  229 1.5 7 5 2 6 89% 1587 771 98%
c i  0.00  6 59 1   3  3  313  237 1.5 7 5 2 6 89% 1587 738 94%
c -  0.01  6 32 2  31  2  739  565 1.6 8 5 2 6 89% 1521 738 94%
c }  0.01  6 27 2  51  2 1002  801 1.7 8 5 2 6 89% 1521 738 94%
c [  0.01  6  0 2  51  0 1002  801 0.0 0 0 2 6  0% 1521 738 94%
c O  0.01  6 11 2  51 12 1003  802 1.6 8 5 2 6 91% 1521 738 94%
c k  0.01  6 11 2  51  1 1026  824 1.7 9 5 2 6 94% 1521 711 91%
c -  0.02  6 10 3  51  1 1419  843 1.4 11 8 2 6 96% 1467 711 91%
c ]  0.03  6  9 3  51  1 1830 1056 1.4 10 7 2 6 95% 1467 711 91%
c {  0.03  6 27 3  51  2 1830 1056 1.7 8 5 2 6 89% 1467 711 91%
c s  0.04  6 24 3  79  2 2083 1227 1.6 8 5 2 6 89% 1467 711 91%
c e  0.04  6 24 3  79  2 2083   24 1.6 8 5 2 6 89%  972 231 29%
c s  0.04  6 24 3  79  2 2083   23 1.6 8 5 2 6 89%  955 231 29%
c e  0.04  6 24 3  79  2 2083   23 1.6 8 5 2 6 89%  955 230 29%
c -  0.04  6 22 4  93  2 2362  240 1.6 8 5 2 6 78%  955 230 29%
c O  0.05  6 19 4 163  2 3005  755 1.6 8 5 2 6 80%  955 230 29%
c p  0.05  6 17 4 237  2 3527 1211 1.6 8 5 2 6 82%  955 230 29%
c 
c  seconds  reduction conflicts       size tier2     variables
c         MB    restarts   redundant    glue  trail      remaining
c          level     rate       size/glu tier1 irredundant
c 
c u  0.06  6 17 4 237  2 3527 1208 1.6 8 5 2 6 82%  955 230 29%
c v  0.06  6 17 4 237  2 3527 1199 1.6 8 5 2 6 82%  955 230 29%
c w  0.06  6 17 4 237  2 3527 1198 1.6 8 5 2 6 82%  955 230 29%
c x  0.06  6 17 4 237  2 3527 1198 1.6 8 5 2 6 82%  955 230 29%
c -  0.06  6 17 5 249  2 3578 1024 1.6 8 5 2 6 83%  955 230 29%
c -  0.08  6 16 6 417  2 5074 1253 1.6 9 5 2 3 84%  955 230 29%
c #  0.09  6 15 6 529  2 6006 2067 1.6 9 6 2 3 85%  955 230 29%
c }  0.09  6 15 6 550  2 6097 2152 1.6 9 6 2 3 85%  955 230 29%
c [  0.09  6  9 6 550  1 6097 2152 1.4 10 7 2 6 323%  955 230 29%
c p  0.09  6  9 6 550  1 6131 2214 1.4 10 7 2 6 314%  955 228 29%
c -  0.10  6 10 7 551  1 6856 1513 1.4 11 8 2 6 213%  949 228 29%
c p  0.13  6 11 7 552  1 8829 2488 1.3 12 9 2 3 146%  949 227 29%
c u  0.14  6 11 7 552  1 8829 2478 1.3 12 9 2 3 146%  949 227 29%
c v  0.14  6 11 7 552  1 8829 2474 1.3 12 9 2 3 146%  949 227 29%
c w  0.14  6 11 7 552  1 8829 2470 1.3 12 9 2 3 146%  949 227 29%
c x  0.14  6 11 7 552  1 8829 2470 1.3 12 9 2 3 146%  949 227 29%
c -  0.14  6 11 8 552  1 8927 1406 1.3 12 9 2 3 145%  945 227 29%
c I  0.15  6 10 8 553  1 10008 1818 1.3 12 9 2 4 133%  945 227 29%
c s  0.16  6 11 8 553  1 10301 1956 1.3 12 9 2 4 130%  943 227 29%
c t  0.16  6 11 8 553  1 10301 1955 1.3 12 9 2 4 130%  943 227 29%
c 
c  seconds  reductions conflicts       size  tier2      variables
c         MB    restarts    redundant     glue  trail       remaining
c          level     rate        size/glue tier1  irredundant
c 
c s  0.16  6 11 8 553  1 10301 1945 1.3 12 9 2 4 130%  943 227 29%
c ]  0.16  6 11 8 553  1 10416 2025 1.3 12 9 2 4 129%  943 227 29%
c {  0.16  6 15 8 553  2 10416 2025 1.6 9 6 2 3 85%  943 227 29%
c -  0.18  6 15 9 700  2 11289 1584 1.6 9 6 2 3 85%  943 227 29%
c p  0.18  6 14 9 700  2 11614 1817 1.6 9 6 2 3 85%  943 227 29%
c k  0.18  6 14 9 700  2 11614 1817 1.6 9 6 2 3 85%  943 226 29%
c u  0.18  6 14 9 700  2 11614 1814 1.6 9 6 2 3 85%  943 226 29%
c v  0.18  6 14 9 700  2 11614 1811 1.6 9 6 2 3 85%  943 226 29%
c w  0.18  6 14 9 700  2 11614 1810 1.6 9 6 2 3 85%  943 226 29%
c x  0.18  6 14 9 700  2 11614 1810 1.6 9 6 2 3 85%  942 226 29%
c t  0.18  6 14 9 700  2 11614 1810 1.6 9 6 2 3 85%  941 226 29%
c -  0.22  6 13 10 849  2 13946 2298 1.6 9 6 2 3 86%  938 226 29%
c p  0.23  6 13 10 942  2 14479 2800 1.6 9 6 2 3 86%  938 225 29%
c B  0.24  6 13 10 1016  2 15011 3235 1.6 9 6 2 3 86%  935 225 29%
c -  0.27  6 13 11 1263  2 16898 3015 1.6 9 6 2 3 86%  935 225 29%
c }  0.28  6 13 11 1322  2 17334 3406 1.6 9 6 2 3 86%  935 225 29%
c [  0.28  6 11 11 1322  1 17334 3406 1.3 12 9 2 4 129%  935 225 29%
c p  0.28  6 11 11 1323  1 17419 3496 1.3 12 9 2 4 129%  935 224 29%
c u  0.28  6 11 11 1323  1 17419 3481 1.3 12 9 2 4 129%  935 224 29%
c v  0.28  6 11 11 1323  1 17419 3478 1.3 12 9 2 4 129%  935 224 29%
c 
c  seconds  reductions   conflicts       size  tier2      variables
c         MB     restarts     redundant     glue  trail       remaining
c          level       rate        size/glue tier1  irredundant
c 
c w  0.28  6 11 11 1323  1 17419 3478 1.3 12 9 2 4 129%  935 224 29%
c x  0.28  6 11 11 1323  1 17419 3478 1.3 12 9 2 4 129%  933 224 29%
c -  0.33  6 10 12 1324  1 20149 3064 1.3 11 8 2 4 116%  930 224 29%
c p  0.33  6 10 12 1324  1 20429 3219 1.3 11 8 2 4 115%  930 224 29%
c B  0.34  6 10 12 1325  1 21013 3539 1.3 11 8 2 4 113%  930 224 29%
c s  0.37  7  9 12 1325  1 22630 3973 1.4 11 8 2 3 109%  928 224 29%
c e  0.37  7  9 12 1325  1 22630 3972 1.4 11 8 2 3 109%  927 223 28%
c s  0.37  7  9 12 1325  1 22630 3942 1.4 11 8 2 3 109%  926 223 28%
c -  0.39  6  9 13 1325  1 23698 2875 1.4 11 8 2 3 108%  926 223 28%
c p  0.39  6  9 13 1325  1 23698 2892 1.4 11 8 2 3 108%  926 223 28%
c u  0.39  6  9 13 1325  1 23698 2876 1.4 11 8 2 3 108%  926 223 28%
c v  0.39  6  9 13 1325  1 23698 2876 1.4 11 8 2 3 108%  926 223 28%
c x  0.39  6  9 13 1325  1 23698 2876 1.4 11 8 2 3 108%  925 223 28%
c ]  0.41  6  9 13 1326  1 25176 3555 1.4 10 8 2 3 106%  925 223 28%
c {  0.41  6 13 13 1326  2 25176 3555 1.6 9 6 2 3 86%  925 223 28%
c -  0.44  7 12 14 1704  2 27547 3473 1.5 10 6 2 3 86%  925 223 28%
c p  0.44  7 12 14 1704  2 27547 3481 1.5 10 6 2 3 86%  925 223 28%
c u  0.45  7 12 14 1704  2 27547 3469 1.5 10 6 2 3 86%  927 223 28%
c v  0.45  7 12 14 1704  2 27547 3469 1.5 10 6 2 3 86%  927 223 28%
c x  0.45  7 12 14 1704  2 27547 3469 1.5 10 6 2 3 86%  927 223 28%
c 
c  seconds  reductions   conflicts       size  tier2     variables
c         MB     restarts     redundant     glue  trail      remaining
c          level       rate        size/glue tier1 irredundant
c 
c i  0.45  7 12 14 1726  2 27888 3754 1.5 10 6 2 3 87%  927 220 28%
c i  0.45  7 12 14 1726  2 27891 3756 1.5 10 6 2 3 87%  927 216 28%
c W  0.47  6 12 14 1729  2 28017 3833 1.5 10 6 2 3 87%  905 216 28%
c -  0.52  7 11 15 2051  2 31697 4275 1.5 10 6 2 3 86%  905 216 28%
c p  0.52  7 11 15 2051  2 31697 4315 1.5 10 6 2 3 86%  905 216 28%
c u  0.52  7 11 15 2051  2 31697 4303 1.5 10 6 2 3 86%  905 216 28%
c v  0.52  7 11 15 2051  2 31697 4301 1.5 10 6 2 3 86%  905 216 28%
c x  0.52  7 11 15 2051  2 31697 4301 1.5 10 6 2 3 86%  902 216 28%
c t  0.52  7 11 15 2051  2 31697 4298 1.5 10 6 2 3 86%  902 216 28%
c i  0.55  7 11 15 2082  2 33968 5545 1.5 9 6 2 3 87%  902 215 27%
c i  0.57  7 11 15 2202  2 35751 6672 1.5 9 6 2 3 87%  902 209 27%
c }  0.58  7 11 15 2207  2 35917 6792 1.5 9 6 2 3 87%  902 209 27%
c [  0.58  7  9 15 2207  1 35917 6792 1.4 10 8 2 3 106%  902 209 27%
c W  0.58  7  9 15 2207  1 36019 3855 1.4 10 8 2 3 106%  781 209 27%
c -  0.58  7  9 16 2207  1 36150 3053 1.4 10 8 2 3 105%  781 209 27%
c 2  0.58  7  9 16 2207  1 36150 3052 1.4 10 8 2 3 105%  779 209 27%
c p  0.59  7  9 16 2207  1 36150 3124 1.4 10 8 2 3 105%  779 203 26%
c k  0.59  7  9 16 2207  1 36150 3124 1.4 10 8 2 3 105%  779 202 26%
c u  0.59  7  9 16 2207  1 36150 3109 1.4 10 8 2 3 105%  778 202 26%
c v  0.59  7  9 16 2207  1 36150 3107 1.4 10 8 2 3 105%  778 202 26%
c 
c  seconds  reductions   conflicts       size  tier2      variables
c         MB     restarts     redundant     glue  trail       remaining
c          level       rate        size/glue tier1  irredundant
c 
c x  0.59  7  9 16 2207  1 36150 3106 1.4 10 8 2 3 105%  775 202 26%
c s  0.63  7  9 16 2209  1 39062 4190 1.4 10 7 2 3 103%  742 202 26%
c e  0.63  7  9 16 2209  1 39062 1225 1.4 10 7 2 3 103%  683 167 21%
c s  0.63  7  9 16 2209  1 39062 1210 1.4 10 7 2 3 103%  676 167 21%
c i  0.65  7  8 16 2211  1 40673 1939 1.4 10 7 2 3 101%  676 162 21%
c -  0.65  7  8 17 2211  1 40904 1052 1.4 10 7 2 3 100%  621 162 21%
c 2  0.65  7  8 17 2211  1 40904 1051 1.4 10 7 2 3 100%  621 162 21%
c p  0.65  7  8 17 2211  1 40904 1099 1.4 10 7 2 3 100%  621 159 20%
c k  0.65  7  8 17 2211  1 40904 1099 1.4 10 7 2 3 100%  621 158 20%
c u  0.65  7  8 17 2211  1 40904 1080 1.4 10 7 2 3 100%  621 158 20%
c v  0.65  7  8 17 2211  1 40904 1076 1.4 10 7 2 3 100%  621 158 20%
c x  0.65  7  8 17 2211  1 40904 1075 1.4 10 7 2 3 100%  610 158 20%
c t  0.65  7  8 17 2211  1 40904 1066 1.4 10 7 2 3 100%  610 158 20%
c i  0.66  7  8 17 2212  1 41647 1365 1.4 10 7 2 3 99%  610 157 20%
c i  0.66  7  8 17 2212  1 41897 1436 1.4 10 7 2 3 99%  610 155 20%
c i  0.66  7  8 17 2212  1 42043 1483 1.4 10 7 2 3 99%  610 148 19%
c i  0.66  7  8 17 2212  1 42193 1547 1.4 10 7 2 3 99%  610 112 14%
c i  0.67  7  8 17 2212  1 42218  522 1.4 10 7 2 3 87%  347  97 12%
c i  0.67  7  8 17 2212  1 42224  523 1.4 10 7 2 3 88%  347  82 10%
c i  0.67  7  8 17 2212  1 42228  525 1.4 10 7 2 3 88%  347  66  8%
c 
c  seconds  reductions   conflicts       size  tier2     variables
c         MB     restarts     redundant     glue  trail      remaining
c          level       rate        size/glue tier1 irredundant
c 
c i  0.67  7  8 17 2212  1 42231  527 1.4 10 7 2 3 87%  347  63  8%
c i  0.67  7  8 17 2212  1 42232  527 1.4 10 7 2 3 86%  347  37  5%
c ]  0.67  7  8 17 2212  1 42234  527 1.4 10 7 2 3 86%  347  10  1%
c 0  0.67  7  8 17 2212  1 42234  527 1.4 10 7 2 3 86%  347  10  1%
c 
c --- [ closing proof ] ------------------------------------------------------
c 
c LRAT proof file 'verification/lrat/certs/proofs/R3_R3_ids_le15.lrat' closed
c LRAT 48134 added clauses 49.74%
c LRAT 48630 deleted clauses 50.26%
c LRAT 3629170 bytes (3.46 MB)
c 
c --- [ result ] -------------------------------------------------------------
c 
s UNSATISFIABLE
c 
c --- [ run-time profiling ] -------------------------------------------------
c 
c process time taken by individual solving procedures
c (percentage relative to process time for solving)
c 
c         0.61   91.93% search
c         0.32   48.22% unstable
c         0.27   41.32% stable
c         0.05    8.06% simplify
c         0.02    2.91% vivify
c         0.02    2.32% walk
c         0.01    1.85% subsume
c         0.01    1.33% sweep
c         0.01    0.95% elim
c         0.00    0.24% probe
c         0.00    0.22% congruence
c         0.00    0.13% ternary
c         0.00    0.07% backbone
c         0.00    0.07% parse
c         0.00    0.05% lucky
c   =================================
c         0.66   99.91% solve
c 
c last line shows process time for solving
c (percentage relative to total process time)
c 
c --- [ statistics ] ---------------------------------------------------------
c 
c chronological:              4752        11.25 %  of conflicts
c conflicts:                 42234     63523.53    per second
c backbone:                  11129      1417.71 %  of vars
c decisions:                 63596     95653.80    per second
c eliminated:                  517        65.86 %  of all variables
c fixed:                       258        32.87 %  of all variables
c learned:                   41603        98.51 %  per conflict
c learned_lits:             628718       100.00 %  learned literals
c minimized:                     0         0.00 %  learned literals
c shrunken:                 192182        30.57 %  learned literals
c minishrunken:              39684         6.31 %  learned literals
c otfs:                        177         0.42 %  of conflict
c propagations:            2192884         3.30 M  per second
c reduced:                   16809        39.80 %  per conflict
c rephased:                      8      5279.25    interval
c restarts:                   2212        19.09    interval
c stabilizing:                   4        45.66 %  of conflicts
c subsumed:                  15517        34.05 %  of all clauses
c strengthened:               2446         5.37 %  of all clauses
c ticks:                  25452316        12.02    propagation
c vivified:                    281         0.62 %  of all clauses
c walked:                        2     21117.00    interval
c weakened:                   1862         3.05    average size
c congruence:                    4     10558.50    interval
c 
c seconds are measured in process time for solving
c 
c --- [ glue usage ] ---------------------------------------------------------
c 
c focused glue 2 used 29275 clauses 25.50% accumulated 63.97% tier1
c focused glue 3 used 16117 clauses 14.04% accumulated 78.01% tier2
c 
c stable glue 2 used 34134 clauses 24.21% accumulated 63.76% tier1
c stable glue 3 used 17979 clauses 12.75% accumulated 76.52% tier2
c 
c 
c --- [ resources ] ----------------------------------------------------------
c 
c total process time since initialization:         0.67    seconds
c total real time since initialization:            0.67    seconds
c maximum resident set size of process:           97.55    MB
c 
c --- [ shutting down ] ------------------------------------------------------
c 
c exit 20
