c --- [ banner ] -------------------------------------------------------------
c 
c CaDiCaL SAT Solver
c Copyright (c) 2016-2026
c A. Biere, M. Fleury, N. Froleyks, K. Fazekas, F. Pollitt, T. Faller
c JKU Linz, University of Freiburg, TU Wien
c 
c Version 3.0.1 c60730422e758ef1cebe7aeddf2dda31c996bf04
c g++ (Ubuntu 13.3.0-6ubuntu2~24.04.1) 13.3.0 -Wall -Wextra -O3 -DNDEBUG
c Tue Oct 6 18:56:05 EDT 2026 Linux vm 6.18.44-fc-v70 x86_64
c 
c --- [ proof tracing ] ------------------------------------------------------
c 
c opening file to write 'verification/lrat/certs/proofs/R6_R6_ds_le15.lrat'
c writing binary proof trace to 'verification/lrat/certs/proofs/R6_R6_ds_le15.lrat'
c 
c --- [ parsing input ] ------------------------------------------------------
c 
c reading DIMACS file from 'verification/lrat/certs/cnf/R6_R6_ds_le15.cnf'
c opening file to read 'verification/lrat/certs/cnf/R6_R6_ds_le15.cnf'
c found 'p cnf 785 1554' header
c parsed 1554 clauses in 0.00 seconds process time
c 
c --- [ options ] ------------------------------------------------------------
c 
c   --lrat=true                    (different from default 'false')
c 
c --- [ solving ] ------------------------------------------------------------
c 
c time measured in process time since initialization
c 
c  seconds  reduction conflicts       size tier2     variables
c         MB    restarts   redundant    glue  trail      remaining
c          level     rate       size/glu tier1 irredundant
c 
c *  0.00  5  0 0   0  0    0    0 0.0 0 0 2 6  0% 1512 771 98%
c )  0.00  5  0 0   0  0    0    0 0.0 0 0 2 6  0% 1512 771 98%
c {  0.00  5  0 0   0  0    0    0 0.0 0 0 2 6  0% 1512 771 98%
c -  0.00  5 135 1   1  3  300  229 1.4 8 5 2 6 90% 1512 771 98%
c -  0.01  6 64 2  12  2  733  526 1.5 8 5 2 6 83% 1512 771 98%
c }  0.01  6 50 2  17  2 1001  764 1.5 8 5 2 6 83% 1512 771 98%
c [  0.01  6  0 2  17  0 1001  764 0.0 0 0 2 6  0% 1512 771 98%
c O  0.01  6 14 2  17 15 1002  765 2.0 2 1 2 6 95% 1512 771 98%
c i  0.01  6 15 2  17  4 1006  767 1.7 2 1 2 6 95% 1512 768 98%
c i  0.01  6 15 2  17  3 1010  769 1.6 3 2 2 6 94% 1512 755 96%
c i  0.01  6 15 2  17  2 1013  770 1.8 2 1 2 6 94% 1512 747 95%
c p  0.01  6 15 2  17  2 1013  770 1.8 2 1 2 6 94% 1512 706 90%
c -  0.02  6  8 3  17  1 1410  990 1.9 8 4 2 6 93% 1382 706 90%
c ]  0.03  6  9 3  17  1 1715 1240 1.7 9 5 2 6 92% 1382 706 90%
c {  0.03  6 50 3  17  2 1715 1240 1.5 8 5 2 6 83% 1382 706 90%
c s  0.03  6 42 3  37  2 2002 1462 1.5 8 5 2 6 84% 1382 706 90%
c e  0.04  6 42 3  37  2 2002   78 1.5 8 5 2 6 84% 1039 284 36%
c s  0.04  6 42 3  37  2 2002   77 1.5 8 5 2 6 84% 1039 284 36%
c ^  0.04  6 42 3  37  2 2002   77 1.5 8 5 2 6 84% 1039 284 36%
c -  0.04  6 36 4  40  2 2350  348 1.6 8 5 2 6 90% 1039 284 36%
c 
c  seconds  reduction conflicts       size tier2     variables
c         MB    restarts   redundant    glue  trail      remaining
c          level     rate       size/glu tier1 irredundant
c 
c O  0.05  6 30 4  53  2 3003  866 1.6 8 5 2 6 88% 1039 284 36%
c k  0.05  6 26 4  70  2 3515 1285 1.6 8 5 2 6 88% 1039 278 35%
c u  0.05  6 26 4  70  2 3515 1280 1.6 8 5 2 6 88% 1039 278 35%
c v  0.05  6 26 4  70  2 3515 1275 1.6 8 5 2 6 88% 1039 278 35%
c w  0.05  6 26 4  70  2 3515 1274 1.6 8 5 2 6 88% 1039 278 35%
c x  0.05  6 26 4  70  2 3515 1274 1.6 8 5 2 6 88% 1037 278 35%
c -  0.05  6 26 5  70  2 3563 1184 1.6 8 5 2 6 88% 1020 278 35%
c i  0.05  6 25 5  70  2 3658 1239 1.6 8 5 2 6 88% 1020 274 35%
c -  0.07  6 21 6 260  2 5057 1370 1.6 8 5 2 3 85% 1007 274 35%
c #  0.09  6 19 6 306  2 6008 2119 1.6 8 5 2 3 85% 1007 274 35%
c }  0.09  6 19 6 318  2 6061 2170 1.6 8 5 2 3 85% 1007 274 35%
c [  0.09  6  9 6 318  1 6061 2170 1.7 9 5 2 6 255% 1007 274 35%
c p  0.09  6 10 6 318  1 6119 2230 1.6 9 6 2 6 242% 1007 274 35%
c k  0.09  6 10 6 318  1 6119 2230 1.6 9 6 2 6 242% 1007 269 34%
c t  0.09  6 10 6 318  1 6119 2227 1.6 9 6 2 6 242%  988 269 34%
c -  0.10  6 12 7 319  1 6834 1791 1.5 11 7 2 6 169%  988 269 34%
c p  0.13  6 11 7 320  1 8816 3148 1.5 12 8 2 3 122%  988 268 34%
c u  0.13  6 11 7 320  1 8816 3145 1.5 12 8 2 3 122%  988 268 34%
c v  0.13  6 11 7 320  1 8816 3141 1.5 12 8 2 3 122%  988 268 34%
c w  0.13  6 11 7 320  1 8816 3141 1.5 12 8 2 3 122%  988 268 34%
c 
c  seconds  reduction conflicts       size  tier2      variables
c         MB    restarts   redundant     glue  trail       remaining
c          level     rate       size/glue tier1  irredundant
c 
c x  0.13  6 11 7 320  1 8816 3141 1.5 12 8 2 3 122%  985 268 34%
c -  0.13  6 11 8 320  1 8900 1875 1.5 12 8 2 3 122%  982 268 34%
c s  0.14  6 11 8 320  1 9487 2144 1.4 12 8 2 3 117%  971 268 34%
c e  0.15  6 11 8 320  1 9487 2141 1.4 12 8 2 3 117%  972 265 34%
c s  0.15  6 11 8 320  1 9487 2121 1.4 12 8 2 3 117%  972 265 34%
c ^  0.15  6 11 8 320  1 9487 2121 1.4 12 8 2 3 117%  972 265 34%
c ]  0.16  6 11 8 321  1 9988 2364 1.4 12 8 2 3 113%  972 265 34%
c {  0.16  6 19 8 321  2 9988 2364 1.6 8 5 2 3 85%  972 265 34%
c B  0.16  6 19 8 327  2 10009 2384 1.6 8 5 2 3 85%  972 265 34%
c -  0.18  6 18 9 454  2 11260 2277 1.6 8 5 2 3 85%  972 265 34%
c i  0.18  6 18 9 461  2 11321 2326 1.6 8 5 2 3 85%  972 264 34%
c p  0.18  6 17 9 473  2 11600 2576 1.6 8 5 2 3 85%  972 262 33%
c -  0.21  6 16 10 709  2 13912 3169 1.6 8 5 2 3 84%  960 262 33%
c p  0.22  6 16 10 778  2 14466 3656 1.6 8 5 2 3 84%  960 262 33%
c u  0.22  6 16 10 778  2 14466 3639 1.6 8 5 2 3 84%  960 262 33%
c v  0.23  6 16 10 778  2 14466 3636 1.6 8 5 2 3 84%  960 262 33%
c w  0.23  6 16 10 778  2 14466 3636 1.6 8 5 2 3 84%  960 262 33%
c W  0.24  6 15 10 831  2 15010 4086 1.6 8 5 2 3 84%  960 262 33%
c }  0.25  6 15 10 940  2 16036 4976 1.6 8 5 2 3 84%  960 262 33%
c [  0.25  6 11 10 940  1 16036 4976 1.4 12 8 2 3 113%  960 262 33%
c 
c  seconds  reductions  conflicts       size  tier2      variables
c         MB     restarts    redundant     glue  trail       remaining
c          level      rate        size/glue tier1  irredundant
c 
c -  0.27  6 11 11 941  1 16860 3969 1.4 11 8 2 3 108%  960 262 33%
c p  0.27  6 11 11 941  1 17406 4435 1.5 11 8 2 3 105%  960 260 33%
c -  0.32  7 11 12 943  1 20106 4197 1.5 12 8 2 3 99%  954 260 33%
c p  0.32  7 11 12 943  1 20417 4464 1.5 12 8 2 3 99%  954 257 33%
c u  0.33  7 11 12 943  1 20417 4452 1.5 12 8 2 3 99%  954 257 33%
c v  0.33  7 11 12 943  1 20417 4452 1.5 12 8 2 3 99%  954 257 33%
c w  0.33  7 11 12 943  1 20417 4452 1.5 12 8 2 3 99%  954 257 33%
c x  0.33  7 11 12 943  1 20417 4452 1.5 12 8 2 3 99%  952 257 33%
c s  0.34  7 11 12 943  1 20737 4490 1.5 12 8 2 3 98%  943 257 33%
c t  0.34  7 11 12 943  1 20737 4489 1.5 12 8 2 3 98%  943 257 33%
c e  0.34  7 11 12 943  1 20737 4476 1.5 12 8 2 3 98%  930 255 32%
c s  0.35  7 11 12 943  1 20737 4446 1.5 12 8 2 3 98%  930 255 32%
c ^  0.35  7 11 12 943  1 20737 4446 1.5 12 8 2 3 98%  930 255 32%
c I  0.35  7 11 12 943  1 21011 4600 1.5 12 8 2 3 98%  930 255 32%
c ]  0.37  7 11 12 943  1 21785 5179 1.4 12 8 2 3 97%  930 255 32%
c {  0.37  7 15 12 943  2 21785 5179 1.6 8 5 2 3 84%  930 255 32%
c -  0.40  7 15 13 1181  2 23653 4538 1.6 9 5 2 3 84%  930 255 32%
c p  0.40  7 15 13 1181  2 23653 4626 1.6 9 5 2 3 84%  930 250 32%
c u  0.40  7 15 13 1181  2 23653 4624 1.6 9 5 2 3 84%  930 250 32%
c v  0.40  7 15 13 1181  2 23653 4622 1.6 9 5 2 3 84%  930 250 32%
c 
c  seconds  reductions   conflicts       size tier2     variables
c         MB     restarts     redundant    glue  trail      remaining
c          level       rate        size/glu tier1 irredundant
c 
c w  0.40  7 15 13 1181  2 23653 4622 1.6 9 5 2 3 84%  930 250 32%
c t  0.40  7 15 13 1181  2 23653 4621 1.6 9 5 2 3 84%  930 250 32%
c i  0.42  7 14 13 1251  2 24762 5500 1.6 9 5 2 3 84%  930 245 31%
c i  0.43  7 13 13 1265  2 25970 6308 1.6 8 5 2 3 84%  930 235 30%
c -  0.46  7 13 14 1402  2 27499 4854 1.6 8 5 2 3 84%  855 235 30%
c p  0.46  7 13 14 1402  2 27499 4891 1.6 8 5 2 3 84%  855 233 30%
c t  0.46  7 13 14 1402  2 27499 4885 1.6 8 5 2 3 84%  849 233 30%
c i  0.47  7 13 14 1409  2 27816 5076 1.6 8 5 2 3 84%  849 229 29%
c F  0.47  7 13 14 1409  2 28014 5221 1.6 8 5 2 3 84%  849 229 29%
c i  0.48  7 13 14 1447  2 28746 5660 1.6 8 5 2 3 83%  849 228 29%
c i  0.50  7 12 14 1525  2 29944 6424 1.6 8 5 2 3 83%  849 221 28%
c i  0.52  7 12 14 1610  2 31246 7415 1.6 8 5 2 3 83%  849 213 27%
c }  0.52  7 12 14 1636  2 31379 7528 1.6 8 5 2 3 83%  849 213 27%
c [  0.52  7 11 14 1636  1 31379 7528 1.4 12 8 2 3 97%  849 213 27%
c -  0.53  7 11 15 1636  1 31646 4918 1.4 12 8 2 3 96%  773 213 27%
c 2  0.53  7 11 15 1636  1 31646 4917 1.4 12 8 2 3 96%  773 213 27%
c p  0.53  7 11 15 1636  1 31646 4925 1.4 12 8 2 3 96%  773 209 27%
c u  0.53  7 11 15 1636  1 31646 4900 1.4 12 8 2 3 96%  773 205 26%
c v  0.53  7 11 15 1636  1 31646 4883 1.4 12 8 2 3 96%  773 205 26%
c t  0.53  7 11 15 1636  1 31646 4877 1.4 12 8 2 3 96%  773 205 26%
c 
c  seconds  reductions   conflicts       size  tier2     variables
c         MB     restarts     redundant     glue  trail      remaining
c          level       rate        size/glue tier1 irredundant
c 
c s  0.60  7 10 15 1639  1 35671 6647 1.4 11 8 2 3 92%  741 205 26%
c t  0.60  7 10 15 1639  1 35671 6646 1.4 11 8 2 3 92%  741 205 26%
c e  0.60  7 10 15 1639  1 35671 6151 1.4 11 8 2 3 92%  685 185 24%
c s  0.60  7 10 15 1639  1 35671 6094 1.4 11 8 2 3 92%  684 185 24%
c B  0.61  7 10 15 1639  1 36015 6178 1.5 11 7 2 3 72%  684 185 24%
c -  0.61  7 10 16 1639  1 36094 4483 1.5 11 7 2 3 72%  684 185 24%
c p  0.61  7 10 16 1639  1 36094 4506 1.5 11 7 2 3 72%  684 183 23%
c u  0.61  7 10 16 1639  1 36094 4494 1.5 11 7 2 3 72%  684 183 23%
c v  0.61  7 10 16 1639  1 36094 4487 1.5 11 7 2 3 72%  684 183 23%
c x  0.61  7 10 16 1639  1 36094 4487 1.5 11 7 2 3 72%  682 183 23%
c t  0.61  7 10 16 1639  1 36094 4486 1.5 11 7 2 3 72%  682 183 23%
c i  0.66  7 10 16 1641  1 39229 6494 1.5 10 7 2 3 73%  682 179 23%
c i  0.68  7 10 16 1642  1 40701 7389 1.5 10 7 2 3 72%  682 170 22%
c -  0.68  7 10 17 1642  1 40843 3468 1.5 10 7 2 3 72%  616 170 22%
c 2  0.68  7 10 17 1642  1 40843 3465 1.5 10 7 2 3 72%  616 170 22%
c p  0.68  7 10 17 1642  1 40843 3477 1.5 10 7 2 3 72%  616 167 21%
c u  0.69  7 10 17 1642  1 40843 3456 1.5 10 7 2 3 72%  615 167 21%
c v  0.69  7 10 17 1642  1 40843 3446 1.5 10 7 2 3 72%  615 167 21%
c t  0.69  7 10 17 1642  1 40843 3440 1.5 10 7 2 3 72%  615 167 21%
c i  0.69  7 10 17 1642  1 40985 3483 1.5 10 7 2 3 72%  615 153 19%
c 
c  seconds  reductions   conflicts       size  tier2     variables
c         MB     restarts     redundant     glue  trail      remaining
c          level       rate        size/glue tier1 irredundant
c 
c i  0.69  7 10 17 1642  1 41119 3545 1.5 10 7 2 3 72%  615 147 19%
c i  0.69  7  9 17 1642  1 41157 3567 1.5 10 7 2 3 72%  615 133 17%
c i  0.69  7  9 17 1642  1 41162 3567 1.5 10 7 2 3 72%  615 123 16%
c i  0.69  7  9 17 1642  1 41163 3567 1.5 10 7 2 3 72%  615 122 16%
c ]  0.69  7  9 17 1642  1 41167 3569 1.5 10 7 2 3 72%  615  87 11%
c 0  0.69  7  9 17 1642  1 41167 3569 1.5 10 7 2 3 72%  615  87 11%
c 
c --- [ closing proof ] ------------------------------------------------------
c 
c LRAT proof file 'verification/lrat/certs/proofs/R6_R6_ds_le15.lrat' closed
c LRAT 47039 added clauses 51.59%
c LRAT 44148 deleted clauses 48.41%
c LRAT 2892565 bytes (2.76 MB)
c 
c --- [ result ] -------------------------------------------------------------
c 
s UNSATISFIABLE
c 
c --- [ run-time profiling ] -------------------------------------------------
c 
c process time taken by individual solving procedures
c (percentage relative to process time for solving)
c 
c         0.62   90.21% search
c         0.33   47.07% stable
c         0.29   42.35% unstable
c         0.07    9.77% simplify
c         0.02    3.37% vivify
c         0.02    3.14% subsume
c         0.01    1.44% sweep
c         0.01    0.73% walk
c         0.00    0.60% elim
c         0.00    0.29% probe
c         0.00    0.24% congruence
c         0.00    0.12% ternary
c         0.00    0.09% backbone
c         0.00    0.07% parse
c         0.00    0.05% lucky
c   =================================
c         0.69   99.91% solve
c 
c last line shows process time for solving
c (percentage relative to total process time)
c 
c --- [ statistics ] ---------------------------------------------------------
c 
c chronological:              7017        17.05 %  of conflicts
c conflicts:                 41167     59600.65    per second
c backbone:                  13292      1693.25 %  of vars
c decisions:                 61776     89437.89    per second
c eliminated:                  447        56.94 %  of all variables
c fixed:                       251        31.97 %  of all variables
c learned:                   40136        97.50 %  per conflict
c learned_lits:             524006       100.00 %  learned literals
c minimized:                     0         0.00 %  learned literals
c shrunken:                 112857        21.54 %  learned literals
c minishrunken:              39449         7.53 %  learned literals
c otfs:                        350         0.85 %  of conflict
c propagations:            1873747         2.71 M  per second
c reduced:                   17452        42.39 %  per conflict
c rephased:                      8      5145.88    interval
c restarts:                   1642        25.07    interval
c stabilizing:                   4        48.82 %  of conflicts
c subsumed:                  11274        26.04 %  of all clauses
c strengthened:               2286         5.28 %  of all clauses
c ticks:                  23930970        13.21    propagation
c vivified:                    275         0.64 %  of all clauses
c walked:                        1     41167.00    interval
c weakened:                   1523         2.72    average size
c 
c seconds are measured in process time for solving
c 
c --- [ glue usage ] ---------------------------------------------------------
c 
c focused glue 2 used 27192 clauses 27.48% accumulated 68.25% tier1
c focused glue 3 used 13589 clauses 13.73% accumulated 81.99% tier2
c 
c stable glue 2 used 31950 clauses 23.99% accumulated 62.28% tier1
c stable glue 3 used 16373 clauses 12.29% accumulated 74.58% tier2
c 
c 
c --- [ resources ] ----------------------------------------------------------
c 
c total process time since initialization:         0.69    seconds
c total real time since initialization:            0.70    seconds
c maximum resident set size of process:          117.12    MB
c 
c --- [ shutting down ] ------------------------------------------------------
c 
c exit 20
