c --- [ banner ] -------------------------------------------------------------
c 
c CaDiCaL SAT Solver
c Copyright (c) 2016-2026
c A. Biere, M. Fleury, N. Froleyks, K. Fazekas, F. Pollitt, T. Faller
c JKU Linz, University of Freiburg, TU Wien
c 
c Version 3.0.1 c60730422e758ef1cebe7aeddf2dda31c996bf04
c g++ (Ubuntu 13.3.0-6ubuntu2~24.04.1) 13.3.0 -Wall -Wextra -O3 -DNDEBUG
c Tue Oct 6 18:56:05 EDT 2026 Linux vm 6.18.44-fc-v70 x86_64
c 
c --- [ proof tracing ] ------------------------------------------------------
c 
c opening file to write 'verification/lrat/certs/proofs/R6_R7_ids_le15.lrat'
c writing binary proof trace to 'verification/lrat/certs/proofs/R6_R7_ids_le15.lrat'
c 
c --- [ parsing input ] ------------------------------------------------------
c 
c reading DIMACS file from 'verification/lrat/certs/cnf/R6_R7_ids_le15.cnf'
c opening file to read 'verification/lrat/certs/cnf/R6_R7_ids_le15.cnf'
c found 'p cnf 785 1629' header
c parsed 1629 clauses in 0.00 seconds process time
c 
c --- [ options ] ------------------------------------------------------------
c 
c   --lrat=true                    (different from default 'false')
c 
c --- [ solving ] ------------------------------------------------------------
c 
c time measured in process time since initialization
c 
c  seconds  reduction conflicts       size tier2     variables
c         MB    restarts   redundant    glue  trail      remaining
c          level     rate       size/glu tier1 irredundant
c 
c *  0.00  5  0 0   0  0    0    0 0.0 0 0 2 6  0% 1587 771 98%
c )  0.00  5  0 0   0  0    0    0 0.0 0 0 2 6  0% 1587 771 98%
c {  0.00  5  0 0   0  0    0    0 0.0 0 0 2 6  0% 1587 771 98%
c -  0.00  6 105 1   6  3  301  220 1.6 8 5 2 6 92% 1587 771 98%
c -  0.01  6 51 2  36  2  738  504 1.6 8 5 2 6 89% 1587 771 98%
c }  0.02  6 41 2  50  2 1003  741 1.6 8 5 2 6 90% 1587 771 98%
c [  0.02  6  0 2  50  0 1003  741 0.0 0 0 2 6  0% 1587 771 98%
c O  0.02  6 10 2  50 11 1004  742 1.6 8 5 2 6 94% 1587 771 98%
c -  0.03  6 11 3  50  1 1418  787 1.6 13 8 2 6 97% 1587 771 98%
c ]  0.04  6 11 3  50  1 1752 1034 1.5 13 8 2 6 97% 1587 771 98%
c {  0.04  6 41 3  50  2 1752 1034 1.6 8 5 2 6 90% 1587 771 98%
c s  0.05  6 33 3  62  2 2083 1287 1.6 8 5 2 6 87% 1587 771 98%
c e  0.05  6 33 3  62  2 2083   21 1.6 8 5 2 6 87% 1005 239 30%
c s  0.05  6 33 3  62  2 2083   21 1.6 8 5 2 6 87%  990 239 30%
c e  0.05  6 33 3  62  2 2083   21 1.6 8 5 2 6 87%  987 237 30%
c -  0.06  6 30 4  97  2 2359  218 1.6 8 5 2 6 88%  987 237 30%
c O  0.07  6 25 4 189  2 3006  794 1.6 9 6 2 6 88%  987 237 30%
c i  0.07  6 24 4 229  2 3324 1052 1.5 9 6 2 6 86%  987 236 30%
c i  0.08  6 23 4 229  2 3378 1082 1.5 9 6 2 6 84%  987 234 30%
c p  0.08  6 23 4 249  2 3527 1217 1.5 9 6 2 6 85%  987 234 30%
c 
c  seconds  reduction conflicts       size tier2     variables
c         MB    restarts   redundant    glue  trail      remaining
c          level     rate       size/glu tier1 irredundant
c 
c u  0.08  6 23 4 249  2 3527 1200 1.5 9 6 2 6 85%  987 234 30%
c v  0.08  6 23 4 249  2 3527 1200 1.5 9 6 2 6 85%  987 234 30%
c w  0.08  6 23 4 249  2 3527 1200 1.5 9 6 2 6 85%  987 234 30%
c x  0.08  6 23 4 249  2 3527 1200 1.5 9 6 2 6 85%  985 234 30%
c -  0.08  6 22 5 261  2 3573  937 1.5 9 6 2 6 85%  974 234 30%
c -  0.11  6 19 6 445  2 5068 1136 1.5 9 6 2 3 87%  974 234 30%
c }  0.13  6 18 6 568  2 5866 1831 1.5 9 6 2 3 88%  974 234 30%
c [  0.13  6 11 6 568  1 5866 1831 1.5 13 8 2 6 319%  974 234 30%
c I  0.13  6 11 6 568  1 6008 1958 1.6 13 8 2 6 282%  974 234 30%
c p  0.13  6 12 6 568  1 6130 2062 1.6 13 8 2 3 259%  974 233 30%
c -  0.15  6 13 7 569  1 6847 1398 1.5 14 9 2 3 190%  971 233 30%
c p  0.20  6 13 7 570  1 8828 2847 1.5 14 9 2 3 139%  971 231 29%
c u  0.20  6 13 7 570  1 8828 2824 1.5 14 9 2 3 139%  971 231 29%
c v  0.20  6 13 7 570  1 8828 2820 1.5 14 9 2 3 139%  971 231 29%
c w  0.20  6 13 7 570  1 8828 2820 1.5 14 9 2 3 139%  971 231 29%
c t  0.20  6 13 7 570  1 8828 2819 1.5 14 9 2 3 139%  971 231 29%
c -  0.20  6 13 8 570  1 8916 1406 1.5 14 9 2 3 138%  964 231 29%
c B  0.23  6 12 8 571  1 10009 2165 1.5 14 9 2 3 128%  964 231 29%
c s  0.24  6 12 8 572  1 10316 2311 1.5 14 9 2 3 126%  955 231 29%
c e  0.24  6 12 8 572  1 10316 2305 1.5 14 9 2 3 126%  949 229 29%
c 
c  seconds  reductions conflicts       size  tier2      variables
c         MB    restarts    redundant     glue  trail       remaining
c          level     rate        size/glue tier1  irredundant
c 
c s  0.24  6 12 8 572  1 10316 2295 1.5 14 9 2 3 126%  946 229 29%
c ]  0.24  6 12 8 572  1 10345 2316 1.5 14 9 2 3 126%  946 229 29%
c {  0.24  6 18 8 572  2 10345 2316 1.5 9 6 2 3 88%  946 229 29%
c -  0.26  6 17 9 630  2 11276 1591 1.5 9 6 2 3 87%  946 229 29%
c p  0.27  6 16 9 630  2 11612 1826 1.5 9 6 2 3 86%  946 228 29%
c u  0.27  6 16 9 630  2 11612 1820 1.5 9 6 2 3 86%  946 228 29%
c v  0.27  6 16 9 630  2 11612 1819 1.5 9 6 2 3 86%  946 228 29%
c w  0.27  6 16 9 630  2 11612 1818 1.5 9 6 2 3 86%  946 228 29%
c -  0.32  6 15 10 889  2 13932 2175 1.5 10 6 2 3 86%  942 228 29%
c u  0.34  6 15 10 959  2 14477 2645 1.5 10 6 2 3 86%  942 228 29%
c v  0.34  6 15 10 959  2 14477 2645 1.5 10 6 2 3 86%  942 228 29%
c w  0.34  6 15 10 959  2 14477 2645 1.5 10 6 2 3 86%  942 228 29%
c t  0.34  6 15 10 959  2 14477 2644 1.5 10 6 2 3 86%  942 228 29%
c #  0.35  6 15 10 1004  2 15011 3081 1.5 10 6 2 3 86%  942 228 29%
c -  0.39  6 14 11 1140  2 16882 2839 1.5 10 6 2 3 86%  942 228 29%
c p  0.40  6 14 11 1187  2 17420 3339 1.5 10 6 2 3 86%  942 226 29%
c u  0.40  6 14 11 1187  2 17420 3330 1.5 10 6 2 3 86%  942 226 29%
c v  0.40  6 14 11 1187  2 17420 3329 1.5 10 6 2 3 86%  942 226 29%
c w  0.40  6 14 11 1187  2 17420 3328 1.5 10 6 2 3 86%  942 226 29%
c t  0.40  6 14 11 1187  2 17420 3327 1.5 10 6 2 3 86%  942 226 29%
c 
c  seconds  reductions   conflicts       size  tier2     variables
c         MB     restarts     redundant     glue  trail      remaining
c          level       rate        size/glue tier1 irredundant
c 
c }  0.40  6 14 11 1187  2 17505 3387 1.5 10 6 2 3 86%  942 226 29%
c [  0.40  6 12 11 1187  1 17505 3387 1.5 14 9 2 3 126%  942 226 29%
c -  0.46  7 11 12 1188  1 20131 3097 1.5 13 9 2 3 115%  936 226 29%
c p  0.46  7 11 12 1188  1 20430 3307 1.5 13 9 2 3 114%  936 225 29%
c W  0.49  7 11 12 1189  1 21012 3727 1.5 13 9 2 3 113%  932 225 29%
c s  0.52  7 11 12 1189  1 22595 4435 1.5 13 9 2 3 110%  929 225 29%
c s  0.53  7 11 12 1189  1 22595 4410 1.5 13 9 2 3 110%  929 225 29%
c -  0.55  6 11 13 1189  1 23678 2991 1.5 13 9 2 3 108%  929 225 29%
c p  0.55  6 11 13 1189  1 23678 3013 1.5 13 9 2 3 108%  929 225 29%
c u  0.55  7 11 13 1189  1 23678 3000 1.5 13 9 2 3 108%  929 225 29%
c v  0.55  7 11 13 1189  1 23678 2997 1.5 13 9 2 3 108%  929 225 29%
c x  0.55  7 11 13 1189  1 23678 2997 1.5 13 9 2 3 108%  929 225 29%
c ]  0.57  7 11 13 1190  1 24706 3718 1.5 13 9 2 3 107%  929 225 29%
c {  0.57  7 14 13 1190  2 24706 3718 1.5 10 6 2 3 86%  929 225 29%
c -  0.64  7 13 14 1436  2 27525 3657 1.5 10 6 2 3 87%  929 225 29%
c p  0.64  7 13 14 1436  2 27525 3722 1.5 10 6 2 3 87%  929 222 28%
c u  0.65  7 13 14 1436  2 27525 3677 1.5 10 6 2 3 87%  920 222 28%
c v  0.65  7 13 14 1436  2 27525 3674 1.5 10 6 2 3 87%  920 222 28%
c B  0.66  7 13 14 1480  2 28013 4093 1.5 10 6 2 3 87%  920 222 28%
c -  0.73  7 12 15 1817  2 31674 4331 1.5 10 6 2 3 86%  920 222 28%
c 
c  seconds  reductions   conflicts       size  tier2     variables
c         MB     restarts     redundant     glue  trail      remaining
c          level       rate        size/glue tier1 irredundant
c 
c 2  0.74  7 12 15 1817  2 31674 4331 1.5 10 6 2 3 86%  919 222 28%
c p  0.74  7 12 15 1817  2 31674 4401 1.5 10 6 2 3 86%  919 220 28%
c u  0.74  7 12 15 1817  2 31674 4391 1.5 10 6 2 3 86%  919 220 28%
c v  0.74  7 12 15 1817  2 31674 4389 1.5 10 6 2 3 86%  919 220 28%
c w  0.74  7 12 15 1817  2 31674 4389 1.5 10 6 2 3 86%  919 220 28%
c x  0.74  7 12 15 1817  2 31674 4388 1.5 10 6 2 3 86%  915 220 28%
c i  0.77  7 12 15 1856  2 33076 5292 1.5 10 6 2 3 86%  915 215 27%
c }  0.81  7 12 15 2057  2 34918 6747 1.5 10 6 2 3 87%  915 215 27%
c [  0.81  7 11 15 2057  1 34918 6747 1.5 13 9 2 3 107%  915 215 27%
c O  0.83  7 11 15 2058  1 36015 7433 1.5 13 9 2 3 105%  915 215 27%
c -  0.84  7 11 16 2058  1 36123 4289 1.5 13 9 2 3 105%  869 215 27%
c 2  0.84  7 11 16 2058  1 36123 4288 1.5 13 9 2 3 105%  868 215 27%
c p  0.84  7 11 16 2058  1 36123 4312 1.5 13 9 2 3 105%  867 214 27%
c u  0.84  7 11 16 2058  1 36123 4300 1.5 13 9 2 3 105%  867 214 27%
c v  0.84  7 11 16 2058  1 36123 4297 1.5 13 9 2 3 105%  867 214 27%
c t  0.84  7 11 16 2058  1 36123 4295 1.5 13 9 2 3 105%  865 214 27%
c s  0.91  7 10 16 2059  1 38962 5559 1.5 12 8 2 3 102%  854 214 27%
c e  0.91  7 10 16 2059  1 38962 3725 1.5 12 8 2 3 102%  851 199 25%
c s  0.91  7 10 16 2059  1 38962 3695 1.5 12 8 2 3 102%  848 199 25%
c -  0.95  7 10 17 2061  1 40874 3019 1.5 12 8 2 3 100%  848 199 25%
c 
c  seconds  reductions   conflicts       size  tier2      variables
c         MB     restarts     redundant     glue  trail       remaining
c          level       rate        size/glue tier1  irredundant
c 
c 2  0.95  7 10 17 2061  1 40874 3018 1.5 12 8 2 3 100%  848 199 25%
c p  0.95  7 10 17 2061  1 40874 3095 1.5 12 8 2 3 100%  848 195 25%
c u  0.95  7 10 17 2061  1 40874 3058 1.5 12 8 2 3 100%  848 195 25%
c v  0.96  7 10 17 2061  1 40874 3049 1.5 12 8 2 3 100%  848 195 25%
c t  0.96  7 10 17 2061  1 40874 3048 1.5 12 8 2 3 100%  848 195 25%
c i  0.97  7 10 17 2062  1 41413 3219 1.5 12 8 2 3 100%  848 189 24%
c B  1.04  7 10 17 2063  1 45016 5122 1.5 12 8 2 3 97%  848 189 24%
c -  1.06  7 10 18 2063  1 45932 2943 1.5 12 8 2 3 97%  791 189 24%
c p  1.06  7 10 18 2063  1 45932 2999 1.5 12 8 2 3 97%  791 186 24%
c u  1.06  7 10 18 2063  1 45932 2986 1.5 12 8 2 3 97%  791 186 24%
c v  1.06  7 10 18 2063  1 45932 2982 1.5 12 8 2 3 97%  791 186 24%
c x  1.06  7 10 18 2063  1 45932 2982 1.5 12 8 2 3 97%  790 186 24%
c t  1.06  7 10 18 2063  1 45932 2981 1.5 12 8 2 3 97%  790 186 24%
c ]  1.07  7 10 18 2063  1 46359 3170 1.5 12 8 2 3 97%  790 186 24%
c {  1.07  7 12 18 2063  2 46359 3170 1.5 10 6 2 3 87%  790 186 24%
c i  1.14  7 11 18 2269  2 50146 5232 1.5 10 6 2 3 86%  790 183 23%
c i  1.15  7 11 18 2269  2 50770 5526 1.5 9 6 2 3 86%  790 178 23%
c i  1.16  7 11 18 2269  2 50974 5618 1.5 9 6 2 3 86%  790 177 23%
c i  1.16  7 11 18 2269  2 51081 5661 1.5 9 6 2 3 86%  790 162 21%
c i  1.16  7 11 18 2269  2 51155 5691 1.5 9 6 2 3 86%  790 161 21%
c 
c  seconds  reductions   conflicts       size tier2     variables
c         MB     restarts     redundant    glue  trail      remaining
c          level       rate        size/glu tier1 irredundant
c 
c i  1.16  7 11 18 2269  2 51200 5713 1.5 9 6 2 3 86%  790  97 12%
c i  1.16  7 11 18 2269  2 51206  617 1.5 9 6 2 3 73%  270  83 11%
c i  1.16  7 11 18 2269  2 51207  617 1.5 9 6 2 3 73%  270  47  6%
c }  1.16  7 11 18 2269  2 51209  617 1.5 9 6 2 3 73%  270  35  4%
c 0  1.16  7 11 18 2269  2 51209  617 1.5 9 6 2 3 73%  270  35  4%
c 
c --- [ closing proof ] ------------------------------------------------------
c 
c LRAT proof file 'verification/lrat/certs/proofs/R6_R7_ids_le15.lrat' closed
c LRAT 56627 added clauses 49.76%
c LRAT 57170 deleted clauses 50.24%
c LRAT 4310918 bytes (4.11 MB)
c 
c --- [ result ] -------------------------------------------------------------
c 
s UNSATISFIABLE
c 
c --- [ run-time profiling ] -------------------------------------------------
c 
c process time taken by individual solving procedures
c (percentage relative to process time for solving)
c 
c         1.07   92.46% search
c         0.55   47.40% unstable
c         0.51   44.06% stable
c         0.09    7.53% simplify
c         0.03    2.88% vivify
c         0.02    1.72% subsume
c         0.01    1.12% sweep
c         0.01    0.95% walk
c         0.01    0.85% elim
c         0.00    0.26% probe
c         0.00    0.16% congruence
c         0.00    0.14% ternary
c         0.00    0.05% backbone
c         0.00    0.05% parse
c         0.00    0.03% lucky
c   =================================
c         1.16   99.94% solve
c 
c last line shows process time for solving
c (percentage relative to total process time)
c 
c --- [ statistics ] ---------------------------------------------------------
c 
c chronological:              5660        11.05 %  of conflicts
c conflicts:                 51209     44057.57    per second
c backbone:                  12115      1543.31 %  of vars
c decisions:                 73750     63450.68    per second
c eliminated:                  551        70.19 %  of all variables
c fixed:                       198        25.22 %  of all variables
c learned:                   50418        98.46 %  per conflict
c learned_lits:             790431       100.00 %  learned literals
c minimized:                     0         0.00 %  learned literals
c shrunken:                 203628        25.76 %  learned literals
c minishrunken:              58901         7.45 %  learned literals
c otfs:                        232         0.45 %  of conflict
c propagations:            2597631         2.23 M  per second
c reduced:                   23798        46.47 %  per conflict
c rephased:                      9      5689.89    interval
c restarts:                   2269        22.57    interval
c stabilizing:                   4        46.55 %  of conflicts
c substituted:                   1         0.13 %  of all variables
c subsumed:                  16084        29.52 %  of all clauses
c strengthened:               2263         4.15 %  of all clauses
c ticks:                  32478204        12.91    propagation
c vivified:                    279         0.51 %  of all clauses
c walked:                        1     51209.00    interval
c weakened:                   2003         3.19    average size
c congruence:                    4     12802.25    interval
c 
c seconds are measured in process time for solving
c 
c --- [ glue usage ] ---------------------------------------------------------
c 
c focused glue 2 used 34284 clauses 23.04% accumulated 65.97% tier1
c focused glue 3 used 19414 clauses 13.04% accumulated 79.02% tier2
c 
c stable glue 2 used 41041 clauses 21.55% accumulated 68.08% tier1
c stable glue 3 used 21623 clauses 11.35% accumulated 79.44% tier2
c 
c 
c --- [ resources ] ----------------------------------------------------------
c 
c total process time since initialization:         1.16    seconds
c total real time since initialization:            1.16    seconds
c maximum resident set size of process:          119.38    MB
c 
c --- [ shutting down ] ------------------------------------------------------
c 
c exit 20
