c --- [ banner ] -------------------------------------------------------------
c 
c CaDiCaL SAT Solver
c Copyright (c) 2016-2026
c A. Biere, M. Fleury, N. Froleyks, K. Fazekas, F. Pollitt, T. Faller
c JKU Linz, University of Freiburg, TU Wien
c 
c Version 3.0.1 c60730422e758ef1cebe7aeddf2dda31c996bf04
c g++ (Ubuntu 13.3.0-6ubuntu2~24.04.1) 13.3.0 -Wall -Wextra -O3 -DNDEBUG
c Tue Oct 6 18:56:05 EDT 2026 Linux vm 6.18.44-fc-v70 x86_64
c 
c --- [ proof tracing ] ------------------------------------------------------
c 
c opening file to write 'verification/lrat/certs/proofs/R6_R6_ids_le15.lrat'
c writing binary proof trace to 'verification/lrat/certs/proofs/R6_R6_ids_le15.lrat'
c 
c --- [ parsing input ] ------------------------------------------------------
c 
c reading DIMACS file from 'verification/lrat/certs/cnf/R6_R6_ids_le15.cnf'
c opening file to read 'verification/lrat/certs/cnf/R6_R6_ids_le15.cnf'
c found 'p cnf 785 1629' header
c parsed 1629 clauses in 0.00 seconds process time
c 
c --- [ options ] ------------------------------------------------------------
c 
c   --lrat=true                    (different from default 'false')
c 
c --- [ solving ] ------------------------------------------------------------
c 
c time measured in process time since initialization
c 
c  seconds  reduction conflicts       size tier2     variables
c         MB    restarts   redundant    glue  trail      remaining
c          level     rate       size/glu tier1 irredundant
c 
c *  0.00  5  0 0   0  0    0    0 0.0 0 0 2 6  0% 1587 771 98%
c )  0.00  5  0 0   0  0    0    0 0.0 0 0 2 6  0% 1587 771 98%
c {  0.00  5  0 0   0  0    0    0 0.0 0 0 2 6  0% 1587 771 98%
c -  0.00  5 65 1   1  3  300  215 1.5 8 5 2 6 92% 1587 771 98%
c -  0.01  6 35 2  22  2  736  542 1.6 8 5 2 6 91% 1587 771 98%
c }  0.01  6 29 2  46  2 1001  777 1.5 8 5 2 6 90% 1587 771 98%
c [  0.01  6  0 2  46  0 1001  777 0.0 0 0 2 6  0% 1587 771 98%
c O  0.01  6 10 2  46 11 1002  778 2.0 6 3 2 6 95% 1587 771 98%
c -  0.02  6 10 3  46  1 1417  865 1.7 12 7 2 6 93% 1587 771 98%
c ]  0.03  6 10 3  46  1 1779 1078 1.5 12 8 2 6 94% 1587 771 98%
c {  0.03  6 29 3  46  2 1779 1078 1.5 8 5 2 6 90% 1587 771 98%
c s  0.03  6 25 3  81  2 2084 1297 1.5 8 5 2 6 90% 1587 771 98%
c e  0.04  6 25 3  81  2 2084   30 1.5 8 5 2 6 90% 1008 240 31%
c s  0.04  6 25 3  81  2 2084   28 1.5 8 5 2 6 90%  990 240 31%
c e  0.04  6 25 3  81  2 2084   28 1.5 8 5 2 6 90%  989 239 30%
c -  0.04  6 22 4  82  2 2359  202 1.6 8 5 2 6 93%  989 239 30%
c O  0.05  6 19 4 120  2 3006  765 1.6 8 5 2 6 87%  989 239 30%
c p  0.05  6 18 4 187  2 3529 1221 1.6 8 5 2 6 88%  989 239 30%
c k  0.05  6 18 4 187  2 3529 1221 1.6 8 5 2 6 88%  989 238 30%
c u  0.06  6 18 4 187  2 3529 1217 1.6 8 5 2 6 88%  989 238 30%
c 
c  seconds  reduction conflicts       size tier2     variables
c         MB    restarts   redundant    glue  trail      remaining
c          level     rate       size/glu tier1 irredundant
c 
c v  0.06  6 18 4 187  2 3529 1212 1.6 8 5 2 6 88%  989 238 30%
c w  0.06  6 18 4 187  2 3529 1212 1.6 8 5 2 6 88%  989 238 30%
c x  0.06  6 18 4 187  2 3529 1212 1.6 8 5 2 6 88%  987 238 30%
c -  0.06  6 18 5 198  2 3573 1019 1.6 8 5 2 6 87%  984 238 30%
c -  0.07  6 15 6 261  2 5067 1285 1.6 9 5 2 3 87%  984 238 30%
c #  0.09  6 15 6 371  2 6008 2085 1.6 9 5 2 3 88%  984 238 30%
c }  0.09  6 15 6 412  2 6226 2287 1.6 9 5 2 3 87%  984 238 30%
c [  0.09  6 10 6 412  1 6226 2287 1.5 12 8 2 6 308%  984 238 30%
c -  0.10  6 11 7 413  1 6846 1658 1.5 13 9 2 6 214%  984 238 30%
c p  0.13  6 11 7 414  1 8829 3240 1.6 13 8 2 3 144%  984 235 30%
c u  0.13  6 11 7 414  1 8829 3237 1.6 13 8 2 3 144%  984 235 30%
c v  0.13  6 11 7 414  1 8829 3237 1.6 13 8 2 3 144%  984 235 30%
c w  0.13  6 11 7 414  1 8829 3237 1.6 13 8 2 3 144%  984 235 30%
c x  0.13  6 11 7 414  1 8829 3237 1.6 13 8 2 3 144%  984 235 30%
c -  0.13  6 11 8 414  1 8914 1753 1.6 13 8 2 3 143%  975 235 30%
c I  0.15  6 11 8 415  1 10009 2512 1.5 13 9 2 3 130%  975 235 30%
c s  0.15  6 12 8 415  1 10282 2616 1.5 14 9 2 3 128%  970 235 30%
c s  0.16  6 12 8 415  1 10282 2598 1.5 14 9 2 3 128%  970 235 30%
c ]  0.16  6 12 8 415  1 10402 2675 1.5 14 9 2 3 128%  970 235 30%
c {  0.16  6 15 8 415  2 10402 2675 1.6 9 5 2 3 87%  970 235 30%
c 
c  seconds  reductions conflicts       size tier2     variables
c         MB    restarts    redundant    glue  trail      remaining
c          level     rate        size/glu tier1 irredundant
c 
c -  0.17  6 14 9 524  2 11276 1923 1.6 9 5 2 3 87%  970 235 30%
c u  0.18  6 14 9 562  2 11614 2201 1.6 9 6 2 3 87%  970 235 30%
c v  0.18  6 14 9 562  2 11614 2198 1.6 9 6 2 3 87%  970 235 30%
c w  0.18  6 14 9 562  2 11614 2198 1.6 9 6 2 3 87%  970 235 30%
c x  0.18  6 14 9 562  2 11614 2198 1.6 9 6 2 3 87%  970 235 30%
c -  0.21  6 13 10 830  2 13930 2583 1.6 9 6 2 3 87%  970 235 30%
c u  0.23  6 13 10 895  2 14479 3051 1.6 9 6 2 3 87%  970 235 30%
c v  0.23  6 13 10 895  2 14479 3050 1.6 9 6 2 3 87%  970 235 30%
c w  0.23  6 13 10 895  2 14479 3050 1.6 9 6 2 3 87%  970 235 30%
c x  0.23  6 13 10 895  2 14479 3050 1.6 9 6 2 3 87%  970 235 30%
c B  0.24  6 13 10 992  2 15010 3526 1.6 9 6 2 3 87%  970 235 30%
c }  0.26  6 13 10 1216  2 16507 4852 1.6 9 6 2 3 87%  970 235 30%
c [  0.26  6 12 10 1216  1 16507 4852 1.5 14 9 2 3 128%  970 235 30%
c -  0.27  6 12 11 1217  1 16880 3201 1.5 13 9 2 3 125%  970 235 30%
c p  0.28  6 11 11 1217  1 17419 3529 1.5 13 9 2 3 122%  970 231 29%
c u  0.28  6 11 11 1217  1 17419 3524 1.5 13 9 2 3 122%  970 231 29%
c v  0.28  6 11 11 1217  1 17419 3521 1.5 13 9 2 3 122%  970 231 29%
c x  0.28  6 11 11 1217  1 17419 3521 1.5 13 9 2 3 122%  968 231 29%
c -  0.33  6 11 12 1219  1 20128 3155 1.5 13 9 2 3 113%  956 231 29%
c p  0.33  6 11 12 1219  1 20429 3352 1.5 13 9 2 3 112%  956 230 29%
c 
c  seconds  reductions   conflicts       size  tier2      variables
c         MB     restarts     redundant     glue  trail       remaining
c          level       rate        size/glue tier1  irredundant
c 
c B  0.34  6 11 12 1219  1 21012 3756 1.5 13 9 2 3 111%  956 230 29%
c s  0.37  6 10 12 1219  1 22555 4308 1.5 12 9 2 3 108%  950 230 29%
c t  0.37  6 10 12 1219  1 22555 4307 1.5 12 9 2 3 108%  950 230 29%
c e  0.37  6 10 12 1219  1 22555 4307 1.5 12 9 2 3 108%  942 228 29%
c s  0.37  6 10 12 1219  1 22555 4281 1.5 12 9 2 3 108%  941 228 29%
c ]  0.39  6 10 12 1219  1 23399 4682 1.4 12 8 2 3 107%  941 228 29%
c {  0.39  6 13 12 1219  2 23399 4682 1.6 9 6 2 3 87%  941 228 29%
c -  0.40  6 13 13 1256  2 23675 3095 1.6 9 6 2 3 87%  941 228 29%
c p  0.40  6 13 13 1256  2 23675 3099 1.6 9 6 2 3 87%  941 227 29%
c u  0.40  6 13 13 1256  2 23675 3084 1.6 9 6 2 3 87%  941 227 29%
c v  0.40  6 13 13 1256  2 23675 3078 1.6 9 6 2 3 87%  941 227 29%
c x  0.40  6 13 13 1256  2 23675 3078 1.6 9 6 2 3 87%  938 227 29%
c -  0.47  7 12 14 1943  2 27521 3981 1.5 9 6 2 3 87%  935 227 29%
c p  0.47  7 12 14 1943  2 27521 4032 1.5 9 6 2 3 87%  935 225 29%
c u  0.48  7 12 14 1943  2 27521 3988 1.5 9 6 2 3 87%  929 225 29%
c v  0.48  7 12 14 1943  2 27521 3985 1.5 9 6 2 3 87%  929 225 29%
c x  0.48  7 12 14 1943  2 27521 3985 1.5 9 6 2 3 87%  928 225 29%
c W  0.50  7 12 14 1993  2 28013 4339 1.5 9 6 2 3 86%  928 225 29%
c -  0.56  7 12 15 2313  2 31668 4663 1.5 9 6 2 3 86%  928 225 29%
c p  0.57  7 12 15 2313  2 31668 4689 1.5 9 6 2 3 86%  928 225 29%
c 
c  seconds  reductions   conflicts       size tier2     variables
c         MB     restarts     redundant    glue  trail      remaining
c          level       rate        size/glu tier1 irredundant
c 
c u  0.57  7 12 15 2313  2 31668 4676 1.5 9 6 2 3 86%  928 225 29%
c v  0.57  7 12 15 2313  2 31668 4675 1.5 9 6 2 3 86%  928 225 29%
c x  0.57  7 12 15 2313  2 31668 4674 1.5 9 6 2 3 86%  927 225 29%
c }  0.59  7 11 15 2377  2 33024 5468 1.5 9 6 2 3 86%  927 225 29%
c [  0.59  7 10 15 2377  1 33024 5468 1.4 12 8 2 3 107%  927 225 29%
c W  0.65  7 10 15 2380  1 36014 7199 1.5 12 8 2 3 103%  927 225 29%
c -  0.65  7 10 16 2380  1 36116 4855 1.5 12 8 2 3 103%  927 225 29%
c p  0.65  7 10 16 2380  1 36116 4883 1.5 12 8 2 3 103%  927 225 29%
c k  0.65  7 10 16 2380  1 36116 4883 1.5 12 8 2 3 103%  927 219 28%
c u  0.65  7 10 16 2380  1 36116 4870 1.5 12 8 2 3 103%  927 219 28%
c v  0.65  7 10 16 2380  1 36116 4870 1.5 12 8 2 3 103%  927 219 28%
c x  0.66  7 10 16 2380  1 36116 4870 1.5 12 8 2 3 103%  926 219 28%
c t  0.66  7 10 16 2380  1 36116 4869 1.5 12 8 2 3 103%  926 219 28%
c s  0.71  7 10 16 2382  1 38918 5911 1.4 12 8 2 3 101%  915 219 28%
c t  0.71  7 10 16 2382  1 38918 5910 1.4 12 8 2 3 101%  915 219 28%
c e  0.71  7 10 16 2382  1 38918 5859 1.4 12 8 2 3 101%  892 215 27%
c s  0.71  7 10 16 2382  1 38918 5800 1.4 12 8 2 3 101%  889 215 27%
c -  0.75  7  9 17 2383  1 40869 4565 1.4 11 8 2 3 100%  889 215 27%
c p  0.75  7  9 17 2383  1 40869 4606 1.4 11 8 2 3 100%  889 211 27%
c u  0.76  7  9 17 2383  1 40869 4594 1.4 11 8 2 3 100%  889 211 27%
c 
c  seconds  reductions   conflicts       size  tier2      variables
c         MB     restarts     redundant     glue  trail       remaining
c          level       rate        size/glue tier1  irredundant
c 
c v  0.76  7  9 17 2383  1 40869 4591 1.4 11 8 2 3 100%  889 211 27%
c x  0.76  7  9 17 2383  1 40869 4590 1.4 11 8 2 3 100%  886 211 27%
c t  0.76  7  9 17 2383  1 40869 4588 1.4 11 8 2 3 100%  886 211 27%
c i  0.76  7  9 17 2383  1 41089 4652 1.4 11 8 2 3 99%  886 207 26%
c ]  0.80  7  9 17 2384  1 43336 5794 1.4 11 8 2 3 98%  886 207 26%
c {  0.80  7 11 17 2384  2 43336 5794 1.5 9 6 2 3 86%  886 207 26%
c i  0.81  7 11 17 2384  2 43798 5944 1.5 9 6 2 3 86%  886 193 25%
c i  0.81  7 11 17 2384  2 43909 6009 1.5 9 6 2 3 86%  886 192 24%
c i  0.81  7 11 17 2384  2 44194 6162 1.5 9 6 2 3 86%  886 191 24%
c i  0.82  7 11 17 2384  2 44518 6355 1.5 9 6 2 3 86%  886 160 20%
c i  0.82  7 11 17 2384  2 44619 6387 1.5 9 6 2 3 86%  886 153 19%
c i  0.82  7 11 17 2384  2 44658 6411 1.5 9 6 2 3 86%  886 138 18%
c i  0.82  7 11 17 2384  2 44662 1691 1.5 9 6 2 3 79%  440 120 15%
c i  0.82  7 11 17 2384  2 44690 1702 1.5 9 6 2 3 81%  440  88 11%
c }  0.82  7 11 17 2384  2 44692 1702 1.5 9 6 2 3 81%  440  43  5%
c 0  0.82  7 11 17 2384  2 44692 1702 1.5 9 6 2 3 81%  440  43  5%
c 
c --- [ closing proof ] ------------------------------------------------------
c 
c LRAT proof file 'verification/lrat/certs/proofs/R6_R6_ids_le15.lrat' closed
c LRAT 50029 added clauses 50.36%
c LRAT 49311 deleted clauses 49.64%
c LRAT 3730784 bytes (3.56 MB)
c 
c --- [ result ] -------------------------------------------------------------
c 
s UNSATISFIABLE
c 
c --- [ run-time profiling ] -------------------------------------------------
c 
c process time taken by individual solving procedures
c (percentage relative to process time for solving)
c 
c         0.75   91.57% search
c         0.38   46.08% stable
c         0.35   43.10% unstable
c         0.07    8.42% simplify
c         0.03    3.24% vivify
c         0.02    2.33% walk
c         0.02    2.20% subsume
c         0.01    1.28% sweep
c         0.01    0.75% elim
c         0.00    0.24% probe
c         0.00    0.19% congruence
c         0.00    0.14% ternary
c         0.00    0.05% parse
c         0.00    0.05% backbone
c         0.00    0.04% lucky
c   =================================
c         0.82   99.92% solve
c 
c last line shows process time for solving
c (percentage relative to total process time)
c 
c --- [ statistics ] ---------------------------------------------------------
c 
c chronological:              5544        12.40 %  of conflicts
c conflicts:                 44692     54426.77    per second
c backbone:                  11746      1496.31 %  of vars
c decisions:                 67795     82562.05    per second
c eliminated:                  538        68.54 %  of all variables
c fixed:                       204        25.99 %  of all variables
c learned:                   43949        98.34 %  per conflict
c learned_lits:             670535       100.00 %  learned literals
c minimized:                     0         0.00 %  learned literals
c shrunken:                 180292        26.89 %  learned literals
c minishrunken:              46530         6.94 %  learned literals
c otfs:                        176         0.39 %  of conflict
c propagations:            2390661         2.91 M  per second
c reduced:                   21889        48.98 %  per conflict
c rephased:                      8      5586.50    interval
c restarts:                   2384        18.75    interval
c stabilizing:                   4        49.52 %  of conflicts
c subsumed:                  14308        30.05 %  of all clauses
c strengthened:               2512         5.28 %  of all clauses
c ticks:                  29422715        12.69    propagation
c vivified:                    169         0.35 %  of all clauses
c walked:                        2     22346.00    interval
c weakened:                   1920         3.18    average size
c congruence:                    4     11173.00    interval
c 
c seconds are measured in process time for solving
c 
c --- [ glue usage ] ---------------------------------------------------------
c 
c focused glue 2 used 28391 clauses 25.36% accumulated 64.47% tier1
c focused glue 3 used 16022 clauses 14.31% accumulated 78.79% tier2
c 
c stable glue 2 used 43013 clauses 24.65% accumulated 65.13% tier1
c stable glue 3 used 22821 clauses 13.07% accumulated 78.21% tier2
c 
c 
c --- [ resources ] ----------------------------------------------------------
c 
c total process time since initialization:         0.82    seconds
c total real time since initialization:            0.82    seconds
c maximum resident set size of process:          117.12    MB
c 
c --- [ shutting down ] ------------------------------------------------------
c 
c exit 20
