c --- [ banner ] -------------------------------------------------------------
c 
c CaDiCaL SAT Solver
c Copyright (c) 2016-2026
c A. Biere, M. Fleury, N. Froleyks, K. Fazekas, F. Pollitt, T. Faller
c JKU Linz, University of Freiburg, TU Wien
c 
c Version 3.0.1 c60730422e758ef1cebe7aeddf2dda31c996bf04
c g++ (Ubuntu 13.3.0-6ubuntu2~24.04.1) 13.3.0 -Wall -Wextra -O3 -DNDEBUG
c Tue Oct 6 18:56:05 EDT 2026 Linux vm 6.18.44-fc-v70 x86_64
c 
c --- [ proof tracing ] ------------------------------------------------------
c 
c opening file to write 'verification/lrat/certs/proofs/R6_R7_ds_le15.lrat'
c writing binary proof trace to 'verification/lrat/certs/proofs/R6_R7_ds_le15.lrat'
c 
c --- [ parsing input ] ------------------------------------------------------
c 
c reading DIMACS file from 'verification/lrat/certs/cnf/R6_R7_ds_le15.cnf'
c opening file to read 'verification/lrat/certs/cnf/R6_R7_ds_le15.cnf'
c found 'p cnf 785 1554' header
c parsed 1554 clauses in 0.00 seconds process time
c 
c --- [ options ] ------------------------------------------------------------
c 
c   --lrat=true                    (different from default 'false')
c 
c --- [ solving ] ------------------------------------------------------------
c 
c time measured in process time since initialization
c 
c  seconds  reduction conflicts       size tier2     variables
c         MB    restarts   redundant    glue  trail      remaining
c          level     rate       size/glu tier1 irredundant
c 
c *  0.00  5  0 0   0  0    0    0 0.0 0 0 2 6  0% 1512 771 98%
c )  0.00  5  0 0   0  0    0    0 0.0 0 0 2 6  0% 1512 771 98%
c {  0.00  5  0 0   0  0    0    0 0.0 0 0 2 6  0% 1512 771 98%
c -  0.00  5 145 1   7  3  300  223 1.4 8 6 2 6 90% 1512 771 98%
c -  0.01  6 69 2  14  2  738  553 1.5 8 5 2 6 91% 1512 771 98%
c }  0.01  6 54 2  14  2 1004  775 1.6 8 5 2 6 85% 1512 771 98%
c [  0.01  6  0 2  14  0 1004  775 0.0 0 0 2 6  0% 1512 771 98%
c O  0.01  6  1 2  14 13 1005  775 0.0 1 0 2 6 89% 1512 771 98%
c i  0.01  6  1 2  14 13 1005  775 0.0 1 0 2 6 89% 1512 709 90%
c i  0.01  6  9 2  14  5 1009  778 2.7 2 1 2 6 94% 1512 707 90%
c k  0.01  6 10 2  14  4 1012  781 2.3 2 1 2 6 94% 1472 658 84%
c i  0.02  6  9 2  14  3 1013  774 2.5 2 1 2 6 86% 1286 656 84%
c -  0.02  6 12 3  14  1 1417  887 1.8 13 7 2 6 94% 1282 656 84%
c ]  0.03  6 11 3  14  1 1671 1105 1.9 14 7 2 6 94% 1282 656 84%
c {  0.03  6 54 3  14  2 1671 1105 1.6 8 5 2 6 85% 1282 656 84%
c s  0.03  6 44 3  26  2 2001 1356 1.6 8 5 2 6 87% 1282 656 84%
c e  0.04  6 44 3  26  2 2001   56 1.6 8 5 2 6 87%  967 268 34%
c s  0.04  6 44 3  26  2 2001   55 1.6 8 5 2 6 87%  967 268 34%
c -  0.04  6 38 4  59  2 2358  302 1.6 8 5 2 6 85%  967 268 34%
c O  0.05  6 32 4 113  2 3011  878 1.7 8 5 2 6 86%  967 268 34%
c 
c  seconds  reduction conflicts       size tier2     variables
c         MB    restarts   redundant    glue  trail      remaining
c          level     rate       size/glu tier1 irredundant
c 
c p  0.05  6 28 4 143  2 3512 1299 1.7 8 5 2 6 84%  967 268 34%
c u  0.05  6 28 4 143  2 3512 1293 1.7 8 5 2 6 84%  967 268 34%
c v  0.05  6 28 4 143  2 3512 1286 1.7 8 5 2 6 84%  967 268 34%
c w  0.05  6 28 4 143  2 3512 1285 1.7 8 5 2 6 84%  967 268 34%
c -  0.06  6 28 5 150  2 3571 1180 1.7 8 5 2 6 84%  967 268 34%
c -  0.07  6 23 6 296  2 5065 1546 1.7 8 5 2 3 85%  967 268 34%
c }  0.09  6 21 6 327  2 5993 2328 1.7 8 5 2 3 85%  967 268 34%
c [  0.09  6 11 6 327  1 5993 2328 1.9 14 7 2 6 274%  967 268 34%
c I  0.09  6 11 6 327  1 6014 2345 1.9 13 7 2 6 268%  967 268 34%
c p  0.09  6 12 6 327  1 6116 2462 1.8 13 7 2 3 245%  967 265 34%
c -  0.10  6 13 7 328  1 6845 1943 1.5 13 9 2 3 170%  958 265 34%
c p  0.13  6 13 7 329  1 8814 3340 1.5 13 9 2 3 124%  958 264 34%
c u  0.13  6 13 7 329  1 8814 3334 1.5 13 9 2 3 124%  958 264 34%
c v  0.13  6 13 7 329  1 8814 3330 1.5 13 9 2 3 124%  958 264 34%
c w  0.13  6 13 7 329  1 8814 3326 1.5 13 9 2 3 124%  958 264 34%
c -  0.13  6 13 8 329  1 8914 2067 1.5 13 9 2 3 123%  954 264 34%
c s  0.14  6 13 8 329  1 9407 2369 1.5 14 9 2 3 119%  948 264 34%
c t  0.14  6 13 8 329  1 9407 2368 1.5 14 9 2 3 119%  948 264 34%
c e  0.14  6 13 8 329  1 9407 2367 1.5 14 9 2 3 119%  948 263 34%
c s  0.14  6 13 8 329  1 9407 2352 1.5 14 9 2 3 119%  948 263 34%
c 
c  seconds  reduction conflicts       size  tier2      variables
c         MB    restarts   redundant     glue  trail       remaining
c          level     rate       size/glue tier1  irredundant
c 
c ^  0.14  6 13 8 329  1 9407 2352 1.5 14 9 2 3 119%  948 263 34%
c ]  0.15  6 13 8 330  1 9886 2726 1.5 13 9 2 3 115%  948 263 34%
c {  0.15  6 21 8 330  2 9886 2726 1.7 8 5 2 3 85%  948 263 34%
c #  0.15  6 21 8 360  2 10015 2833 1.7 8 5 2 3 85%  948 263 34%
c -  0.17  6 19 9 575  2 11276 2361 1.6 9 5 2 3 84%  948 263 34%
c i  0.17  6 19 9 575  2 11339 2387 1.6 9 5 2 3 84%  948 258 33%
c p  0.18  6 19 9 592  2 11600 2601 1.6 9 5 2 3 84%  948 258 33%
c u  0.18  6 19 9 592  2 11600 2600 1.6 9 5 2 3 84%  948 258 33%
c v  0.18  6 19 9 592  2 11600 2598 1.6 9 5 2 3 84%  948 258 33%
c w  0.18  6 19 9 592  2 11600 2598 1.6 9 5 2 3 84%  948 258 33%
c x  0.18  6 19 9 592  2 11600 2598 1.6 9 5 2 3 84%  948 258 33%
c -  0.22  6 17 10 939  2 13931 3018 1.6 9 5 2 3 84%  928 258 33%
c p  0.23  6 17 10 992  2 14465 3534 1.6 9 5 2 3 84%  928 253 32%
c B  0.24  6 16 10 1005  2 15018 3980 1.6 9 5 2 3 84%  912 253 32%
c }  0.24  6 16 10 1090  2 15427 4348 1.6 9 5 2 3 84%  912 253 32%
c [  0.24  6 13 10 1090  1 15427 4348 1.5 13 9 2 3 115%  912 253 32%
c -  0.27  7 12 11 1091  1 16882 3570 1.5 13 9 2 3 108%  912 253 32%
c u  0.28  7 11 11 1092  1 17407 3862 1.5 12 8 2 3 106%  912 253 32%
c v  0.28  7 11 11 1092  1 17407 3860 1.5 12 8 2 3 106%  912 253 32%
c w  0.28  7 11 11 1092  1 17407 3855 1.5 12 8 2 3 106%  912 253 32%
c 
c  seconds  reductions   conflicts       size  tier2      variables
c         MB     restarts     redundant     glue  trail       remaining
c          level       rate        size/glue tier1  irredundant
c 
c x  0.28  7 11 11 1092  1 17407 3855 1.5 12 8 2 3 106%  911 253 32%
c i  0.31  7 11 11 1092  1 19058 4873 1.5 12 8 2 3 102%  911 245 31%
c -  0.32  6 11 12 1093  1 20130 3162 1.5 12 8 2 3 100%  883 245 31%
c p  0.33  6 11 12 1093  1 20418 3410 1.5 12 8 2 3 99%  883 245 31%
c k  0.33  6 11 12 1093  1 20418 3410 1.5 12 8 2 3 99%  883 243 31%
c s  0.33  7 11 12 1093  1 20507 3354 1.5 12 8 2 3 99%  867 243 31%
c e  0.33  7 11 12 1093  1 20507 3137 1.5 12 8 2 3 99%  828 229 29%
c s  0.33  7 11 12 1093  1 20507 3121 1.5 12 8 2 3 99%  828 229 29%
c ^  0.33  7 11 12 1093  1 20507 3121 1.5 12 8 2 3 99%  828 229 29%
c B  0.34  7 10 12 1093  1 21019 3438 1.5 11 8 2 3 98%  828 229 29%
c ]  0.35  7 10 12 1093  1 21911 4058 1.5 11 8 2 3 96%  828 229 29%
c {  0.35  7 16 12 1093  2 21911 4058 1.6 9 5 2 3 84%  828 229 29%
c -  0.39  7 15 13 1256  2 23677 3681 1.6 9 6 2 3 83%  828 229 29%
c p  0.39  7 15 13 1256  2 23677 3722 1.6 9 6 2 3 83%  828 226 29%
c u  0.39  7 15 13 1256  2 23677 3708 1.6 9 6 2 3 83%  828 226 29%
c v  0.39  7 15 13 1256  2 23677 3704 1.6 9 6 2 3 83%  828 226 29%
c x  0.39  7 15 13 1256  2 23677 3704 1.6 9 6 2 3 83%  827 226 29%
c -  0.46  7 14 14 1659  2 27524 4827 1.6 9 6 2 3 82%  818 226 29%
c p  0.46  7 14 14 1659  2 27524 4853 1.6 9 6 2 3 82%  818 225 29%
c u  0.46  7 14 14 1659  2 27524 4816 1.6 9 6 2 3 82%  814 225 29%
c 
c  seconds  reductions   conflicts       size tier2     variables
c         MB     restarts     redundant    glue  trail      remaining
c          level       rate        size/glu tier1 irredundant
c 
c v  0.46  7 14 14 1659  2 27524 4812 1.6 9 6 2 3 82%  814 225 29%
c W  0.48  7 14 14 1687  2 28020 5204 1.6 9 6 2 3 82%  814 225 29%
c i  0.52  7 13 14 1813  2 30321 6931 1.6 9 6 2 3 81%  814 222 28%
c }  0.53  7 13 14 1843  2 31225 7589 1.6 9 6 2 3 81%  814 222 28%
c [  0.53  7 10 14 1843  1 31225 7589 1.5 11 8 2 3 96%  814 222 28%
c -  0.54  7 10 15 1843  1 31673 5791 1.5 11 8 2 3 95%  805 222 28%
c p  0.54  7 10 15 1843  1 31673 5816 1.5 11 8 2 3 95%  805 221 28%
c s  0.61  7 10 15 1846  1 35343 7707 1.5 11 7 2 3 91%  794 221 28%
c t  0.61  7 10 15 1846  1 35343 7706 1.5 11 7 2 3 91%  794 221 28%
c e  0.61  7 10 15 1846  1 35343 7596 1.5 11 7 2 3 91%  795 218 28%
c s  0.61  7 10 15 1846  1 35343 7533 1.5 11 7 2 3 91%  795 218 28%
c ^  0.61  7 10 15 1846  1 35343 7533 1.5 11 7 2 3 91%  795 218 28%
c W  0.63  7 10 15 1846  1 36024 7993 1.5 11 7 2 3 90%  795 218 28%
c -  0.63  7 10 16 1846  1 36122 5693 1.5 11 7 2 3 90%  795 218 28%
c p  0.63  7 10 16 1846  1 36122 5778 1.5 11 7 2 3 90%  795 213 27%
c u  0.64  7 10 16 1846  1 36122 5758 1.5 11 7 2 3 90%  795 213 27%
c v  0.64  7 10 16 1846  1 36122 5752 1.5 11 7 2 3 90%  795 213 27%
c w  0.64  7 10 16 1846  1 36122 5751 1.5 11 7 2 3 90%  795 213 27%
c t  0.64  7 10 16 1846  1 36122 5750 1.5 11 7 2 3 90%  795 213 27%
c ]  0.70  7  9 16 1849  1 39502 7237 1.5 10 7 2 3 87%  795 213 27%
c 
c  seconds  reductions   conflicts       size tier2     variables
c         MB     restarts     redundant    glue  trail      remaining
c          level       rate        size/glu tier1 irredundant
c 
c {  0.70  7 13 16 1849  2 39502 7237 1.6 9 6 2 3 81%  795 213 27%
c i  0.70  7 13 16 1849  2 39868 7402 1.6 9 6 2 3 81%  795 212 27%
c -  0.72  7 13 17 1893  2 40875 5322 1.6 9 6 2 3 81%  760 212 27%
c p  0.72  7 13 17 1893  2 40875 5401 1.6 9 6 2 3 81%  760 209 27%
c u  0.73  7 13 17 1893  2 40875 5392 1.6 9 6 2 3 81%  760 209 27%
c v  0.73  7 13 17 1893  2 40875 5387 1.6 9 6 2 3 81%  760 209 27%
c x  0.73  7 13 17 1893  2 40875 5386 1.6 9 6 2 3 81%  757 209 27%
c i  0.74  7 12 17 1893  2 41619 5801 1.6 9 6 2 3 80%  757 203 26%
c i  0.75  7 12 17 1901  2 42497 6277 1.6 9 5 2 3 80%  757 191 24%
c i  0.75  7 12 17 1901  2 42528 6292 1.6 9 5 2 3 80%  757 184 23%
c i  0.76  7 12 17 1901  2 42796 6419 1.6 9 5 2 3 80%  757 183 23%
c i  0.76  7 12 17 1904  2 42984 6568 1.6 9 5 2 3 80%  757 175 22%
c i  0.76  7 12 17 1904  2 43197 6687 1.6 9 5 2 3 80%  757 168 21%
c i  0.77  7 12 17 1904  2 43226 3279 1.6 9 5 2 3 68%  565 165 21%
c i  0.77  7 12 17 1904  2 43320 3329 1.6 9 5 2 3 68%  565 163 21%
c i  0.77  7 12 17 1904  2 43409 3367 1.6 9 5 2 3 67%  565 146 19%
c i  0.77  7 12 17 1904  2 43412 3368 1.6 9 5 2 3 68%  565 142 18%
c i  0.77  7 12 17 1904  2 43433 3380 1.6 9 5 2 3 68%  565 131 17%
c i  0.77  7 12 17 1904  2 43439 3383 1.6 9 5 2 3 68%  565 130 17%
c }  0.77  7 12 17 1904  2 43443 3385 1.6 9 5 2 3 68%  565  95 12%
c 
c  seconds  reductions   conflicts       size tier2     variables
c         MB     restarts     redundant    glue  trail      remaining
c          level       rate        size/glu tier1 irredundant
c 
c 0  0.77  7 12 17 1904  2 43443 3385 1.6 9 5 2 3 68%  565  95 12%
c 
c --- [ closing proof ] ------------------------------------------------------
c 
c LRAT proof file 'verification/lrat/certs/proofs/R6_R7_ds_le15.lrat' closed
c LRAT 48730 added clauses 51.41%
c LRAT 46049 deleted clauses 48.59%
c LRAT 3025263 bytes (2.89 MB)
c 
c --- [ result ] -------------------------------------------------------------
c 
s UNSATISFIABLE
c 
c --- [ run-time profiling ] -------------------------------------------------
c 
c process time taken by individual solving procedures
c (percentage relative to process time for solving)
c 
c         0.70   91.46% search
c         0.37   48.41% unstable
c         0.31   40.80% stable
c         0.07    8.52% simplify
c         0.02    2.90% vivify
c         0.02    2.74% subsume
c         0.02    2.20% walk
c         0.01    1.32% sweep
c         0.00    0.49% elim
c         0.00    0.26% probe
c         0.00    0.22% congruence
c         0.00    0.13% ternary
c         0.00    0.08% backbone
c         0.00    0.05% parse
c         0.00    0.04% lucky
c   =================================
c         0.77   99.93% solve
c 
c last line shows process time for solving
c (percentage relative to total process time)
c 
c --- [ statistics ] ---------------------------------------------------------
c 
c chronological:              6851        15.77 %  of conflicts
c conflicts:                 43443     56564.05    per second
c backbone:                  13255      1688.54 %  of vars
c decisions:                 66921     87133.09    per second
c eliminated:                  406        51.72 %  of all variables
c fixed:                       284        36.18 %  of all variables
c learned:                   42448        97.71 %  per conflict
c learned_lits:             560750       100.00 %  learned literals
c minimized:                     0         0.00 %  learned literals
c shrunken:                 118192        21.08 %  learned literals
c minishrunken:              43772         7.81 %  learned literals
c otfs:                        323         0.74 %  of conflict
c propagations:            1999785         2.60 M  per second
c reduced:                   19085        43.93 %  per conflict
c rephased:                      8      5430.38    interval
c restarts:                   1904        22.82    interval
c stabilizing:                   4        44.34 %  of conflicts
c subsumed:                  12060        26.53 %  of all clauses
c strengthened:               2146         4.72 %  of all clauses
c ticks:                  27283008        14.10    propagation
c vivified:                    188         0.41 %  of all clauses
c walked:                        2     21721.50    interval
c weakened:                   1373         2.68    average size
c 
c seconds are measured in process time for solving
c 
c --- [ glue usage ] ---------------------------------------------------------
c 
c focused glue 2 used 32325 clauses 26.77% accumulated 69.79% tier1
c focused glue 3 used 15846 clauses 13.12% accumulated 82.91% tier2
c 
c stable glue 2 used 31407 clauses 22.93% accumulated 62.89% tier1
c stable glue 3 used 17539 clauses 12.81% accumulated 75.70% tier2
c 
c 
c --- [ resources ] ----------------------------------------------------------
c 
c total process time since initialization:         0.77    seconds
c total real time since initialization:            0.78    seconds
c maximum resident set size of process:          119.38    MB
c 
c --- [ shutting down ] ------------------------------------------------------
c 
c exit 20
