c --- [ banner ] -------------------------------------------------------------
c 
c CaDiCaL SAT Solver
c Copyright (c) 2016-2026
c A. Biere, M. Fleury, N. Froleyks, K. Fazekas, F. Pollitt, T. Faller
c JKU Linz, University of Freiburg, TU Wien
c 
c Version 3.0.1 c60730422e758ef1cebe7aeddf2dda31c996bf04
c g++ (Ubuntu 13.3.0-6ubuntu2~24.04.1) 13.3.0 -Wall -Wextra -O3 -DNDEBUG
c Tue Oct 6 18:56:05 EDT 2026 Linux vm 6.18.44-fc-v70 x86_64
c 
c --- [ proof tracing ] ------------------------------------------------------
c 
c opening file to write 'verification/lrat/certs/proofs/R7_R7_ds_le15.lrat'
c writing binary proof trace to 'verification/lrat/certs/proofs/R7_R7_ds_le15.lrat'
c 
c --- [ parsing input ] ------------------------------------------------------
c 
c reading DIMACS file from 'verification/lrat/certs/cnf/R7_R7_ds_le15.cnf'
c opening file to read 'verification/lrat/certs/cnf/R7_R7_ds_le15.cnf'
c found 'p cnf 785 1554' header
c parsed 1554 clauses in 0.00 seconds process time
c 
c --- [ options ] ------------------------------------------------------------
c 
c   --lrat=true                    (different from default 'false')
c 
c --- [ solving ] ------------------------------------------------------------
c 
c time measured in process time since initialization
c 
c  seconds  reduction conflicts       size tier2     variables
c         MB    restarts   redundant    glue  trail      remaining
c          level     rate       size/glu tier1 irredundant
c 
c *  0.00  5  0 0   0  0    0    0 0.0 0 0 2 6  0% 1512 771 98%
c )  0.00  5  0 0   0  0    0    0 0.0 0 0 2 6  0% 1512 771 98%
c {  0.00  5  0 0   0  0    0    0 0.0 0 0 2 6  0% 1512 771 98%
c i  0.00  5 189 0   1  9   58   53 1.7 7 4 2 6 82% 1512 747 95%
c -  0.00  6 48 1  10  3  302  260 1.6 6 4 2 6 80% 1464 747 95%
c -  0.01  6 30 2  60  3  736  601 1.5 7 4 2 6 84% 1464 747 95%
c }  0.01  6 25 2  78  3 1001  815 1.6 7 4 2 6 84% 1464 747 95%
c [  0.01  6  0 2  78  0 1001  815 0.0 0 0 2 6  0% 1464 747 95%
c O  0.01  6 11 2  78 12 1002  816 2.0 2 1 2 6 89% 1464 747 95%
c i  0.01  6 14 2  78  2 1010  822 1.4 4 3 2 6 92% 1464 743 95%
c p  0.01  6 14 2  78  2 1012  824 1.4 4 3 2 6 92% 1464 736 94%
c -  0.02  6 11 3  78  1 1415  963 1.7 11 6 2 6 94% 1442 736 94%
c ]  0.03  6 11 3  78  1 1916 1434 1.9 12 6 2 6 94% 1442 736 94%
c {  0.03  6 25 3  78  3 1916 1434 1.6 7 4 2 6 84% 1442 736 94%
c s  0.03  6 24 3  94  3 2001 1490 1.6 7 4 2 6 84% 1442 736 94%
c e  0.03  6 24 3  94  3 2001   46 1.6 7 4 2 6 84%  993 272 35%
c s  0.03  6 24 3  94  3 2001   45 1.6 7 4 2 6 84%  993 272 35%
c -  0.04  6 23 4 139  3 2355  317 1.6 7 4 2 6 83%  993 272 35%
c O  0.04  6 20 4 207  3 3006  890 1.6 7 5 2 6 80%  993 272 35%
c p  0.05  6 19 4 263  3 3512 1346 1.6 8 5 2 6 81%  993 271 35%
c 
c  seconds  reduction conflicts       size tier2     variables
c         MB    restarts   redundant    glue  trail      remaining
c          level     rate       size/glu tier1 irredundant
c 
c u  0.05  6 19 4 263  3 3512 1342 1.6 8 5 2 6 81%  993 271 35%
c v  0.05  6 19 4 263  3 3512 1342 1.6 8 5 2 6 81%  993 271 35%
c w  0.05  6 19 4 263  3 3512 1342 1.6 8 5 2 6 81%  993 271 35%
c -  0.05  6 19 5 275  3 3568 1216 1.6 8 5 2 6 81%  990 271 35%
c i  0.06  6 17 5 332  3 4172 1684 1.6 8 5 2 6 82%  990 267 34%
c -  0.07  6 16 6 433  3 5061 1443 1.6 8 5 2 3 82%  978 267 34%
c #  0.08  6 16 6 547  3 6008 2287 1.6 8 5 2 3 83%  978 267 34%
c p  0.08  6 16 6 570  3 6115 2437 1.6 8 5 2 3 83%  978 263 34%
c }  0.09  6 16 6 626  3 6341 2596 1.6 8 5 2 3 83%  965 263 34%
c [  0.09  6 11 6 626  1 6341 2596 1.9 12 6 2 6 270%  965 263 34%
c -  0.09  6 11 7 627  1 6840 1910 1.7 12 7 2 6 205%  965 263 34%
c p  0.12  6 11 7 628  1 8813 3244 1.5 12 8 2 3 136%  965 263 34%
c u  0.12  6 11 7 628  1 8813 3227 1.5 12 8 2 3 136%  965 263 34%
c v  0.12  6 11 7 628  1 8813 3224 1.5 12 8 2 3 136%  965 263 34%
c w  0.12  6 11 7 628  1 8813 3224 1.5 12 8 2 3 136%  965 263 34%
c -  0.13  6 11 8 628  1 8908 2052 1.5 12 8 2 3 134%  965 263 34%
c s  0.14  6 11 8 628  1 9474 2324 1.5 12 8 2 3 127%  953 263 34%
c s  0.14  6 11 8 628  1 9474 2290 1.5 12 8 2 3 127%  953 263 34%
c ^  0.14  6 11 8 628  1 9474 2290 1.5 12 8 2 3 127%  953 263 34%
c I  0.15  6 11 8 629  1 10010 2628 1.4 12 8 2 3 123%  953 263 34%
c 
c  seconds  reductions conflicts       size  tier2      variables
c         MB    restarts    redundant     glue  trail       remaining
c          level     rate        size/glue tier1  irredundant
c 
c ]  0.15  6 11 8 629  1 10321 2870 1.4 12 8 2 3 121%  953 263 34%
c {  0.15  6 16 8 629  3 10321 2870 1.6 8 5 2 3 83%  953 263 34%
c -  0.17  6 15 9 777  3 11269 2339 1.6 8 5 2 3 83%  953 263 34%
c p  0.17  6 15 9 781  3 11598 2634 1.6 8 5 2 3 83%  953 262 33%
c u  0.17  6 15 9 781  3 11598 2628 1.6 8 5 2 3 83%  953 262 33%
c v  0.17  6 15 9 781  3 11598 2627 1.6 8 5 2 3 83%  953 262 33%
c w  0.17  6 15 9 781  3 11598 2626 1.6 8 5 2 3 83%  953 262 33%
c -  0.21  6 14 10 1138  3 13926 3154 1.6 8 5 2 3 84%  950 262 33%
c p  0.22  6 14 10 1198  3 14463 3640 1.6 8 5 2 3 84%  950 261 33%
c t  0.22  6 14 10 1198  3 14463 3638 1.6 8 5 2 3 84%  947 261 33%
c B  0.23  6 14 10 1285  3 15011 4097 1.5 8 5 2 3 84%  947 261 33%
c i  0.25  6 13 10 1383  3 16065 4850 1.5 8 5 2 3 84%  947 259 33%
c }  0.27  6 13 10 1450  3 16821 5473 1.5 8 5 2 3 84%  947 259 33%
c [  0.27  6 11 10 1450  1 16821 5473 1.4 12 8 2 3 121%  947 259 33%
c -  0.27  7 11 11 1450  1 16878 3788 1.4 12 8 2 3 120%  941 259 33%
c 2  0.28  7 11 11 1451  1 17404 4199 1.4 12 8 2 3 117%  941 259 33%
c p  0.28  7 11 11 1451  1 17404 4212 1.4 12 8 2 3 117%  941 257 33%
c u  0.28  7 11 11 1451  1 17404 4192 1.4 12 8 2 3 117%  941 257 33%
c v  0.28  7 11 11 1451  1 17404 4186 1.4 12 8 2 3 117%  941 257 33%
c w  0.29  7 11 11 1451  1 17404 4179 1.4 12 8 2 3 117%  941 257 33%
c 
c  seconds  reductions   conflicts       size  tier2      variables
c         MB     restarts     redundant     glue  trail       remaining
c          level       rate        size/glue tier1  irredundant
c 
c -  0.34  7 10 12 1452  1 20126 3959 1.4 11 8 2 3 106%  934 257 33%
c p  0.35  7 10 12 1453  1 20415 4150 1.4 11 8 2 3 106%  934 256 33%
c s  0.35  7 10 12 1453  1 20621 4045 1.4 11 8 2 3 105%  928 256 33%
c e  0.35  7 10 12 1453  1 20621 4041 1.4 11 8 2 3 105%  925 254 32%
c s  0.36  7 10 12 1453  1 20621 4006 1.4 11 8 2 3 105%  925 254 32%
c ^  0.36  7 10 12 1453  1 20621 4006 1.4 11 8 2 3 105%  925 254 32%
c B  0.37  7 10 12 1453  1 21012 4166 1.4 11 7 2 3 104%  925 254 32%
c i  0.40  7  9 12 1453  1 22922 4992 1.4 10 7 2 3 100%  925 245 31%
c -  0.41  6 10 13 1453  1 23674 2907 1.4 10 7 2 3 99%  895 245 31%
c p  0.41  6 10 13 1453  1 23674 2993 1.4 10 7 2 3 99%  895 242 31%
c u  0.41  6 10 13 1453  1 23674 2976 1.4 10 7 2 3 99%  895 242 31%
c v  0.41  6 10 13 1453  1 23674 2967 1.4 10 7 2 3 99%  895 242 31%
c w  0.41  6 10 13 1453  1 23674 2967 1.4 10 7 2 3 99%  895 242 31%
c t  0.41  6 10 13 1453  1 23674 2964 1.4 10 7 2 3 99%  895 242 31%
c ]  0.42  6 10 13 1453  1 24202 3303 1.4 10 7 2 3 99%  895 242 31%
c {  0.42  6 13 13 1453  3 24202 3303 1.5 8 5 2 3 84%  895 242 31%
c i  0.45  6 12 13 1539  2 25904 4634 1.5 8 5 2 3 83%  895 234 30%
c -  0.47  7 12 14 1704  2 27520 3779 1.6 8 5 2 3 84%  850 234 30%
c 2  0.47  7 12 14 1704  2 27520 3777 1.6 8 5 2 3 84%  850 234 30%
c p  0.47  7 12 14 1704  2 27520 3778 1.6 8 5 2 3 84%  850 234 30%
c 
c  seconds  reductions   conflicts       size tier2     variables
c         MB     restarts     redundant    glue  trail      remaining
c          level       rate        size/glu tier1 irredundant
c 
c u  0.48  7 12 14 1704  2 27520 3769 1.6 8 5 2 3 84%  850 234 30%
c v  0.48  7 12 14 1704  2 27520 3765 1.6 8 5 2 3 84%  850 234 30%
c w  0.48  7 12 14 1704  2 27520 3765 1.6 8 5 2 3 84%  850 234 30%
c x  0.48  7 12 14 1704  2 27520 3765 1.6 8 5 2 3 84%  849 234 30%
c t  0.48  7 12 14 1704  2 27520 3763 1.6 8 5 2 3 84%  849 234 30%
c W  0.50  7 12 14 1725  2 28014 4135 1.6 8 5 2 3 84%  849 234 30%
c -  0.55  7 11 15 1919  2 31667 5073 1.6 8 5 2 3 84%  849 234 30%
c p  0.55  7 11 15 1919  2 31667 5179 1.6 8 5 2 3 84%  849 227 29%
c i  0.61  7 11 15 2113  2 35425 7991 1.6 8 5 2 3 83%  849 225 29%
c s  0.61  7 11 15 2113  2 35538 7231 1.6 8 5 2 3 83%  836 225 29%
c t  0.61  7 11 15 2113  2 35538 7230 1.6 8 5 2 3 83%  836 225 29%
c e  0.62  7 11 15 2113  2 35538 6772 1.6 8 5 2 3 83%  801 219 28%
c s  0.62  7 11 15 2113  2 35538 6667 1.6 8 5 2 3 83%  801 219 28%
c i  0.62  7 11 15 2113  2 35548 6672 1.6 8 5 2 3 83%  801 210 27%
c F  0.63  7 11 15 2113  2 36015 7027 1.6 8 5 2 3 83%  801 210 27%
c -  0.63  7 11 16 2113  2 36115 5015 1.6 8 5 2 3 83%  769 210 27%
c p  0.63  7 11 16 2113  2 36115 5032 1.6 8 5 2 3 83%  769 202 26%
c k  0.63  7 11 16 2113  2 36115 5032 1.6 8 5 2 3 83%  769 197 25%
c u  0.64  7 11 16 2113  2 36115 4984 1.6 8 5 2 3 83%  769 193 25%
c v  0.64  7 11 16 2113  2 36115 4968 1.6 8 5 2 3 83%  769 193 25%
c 
c  seconds  reductions   conflicts       size tier2     variables
c         MB     restarts     redundant    glue  trail      remaining
c          level       rate        size/glu tier1 irredundant
c 
c w  0.64  7 11 16 2113  2 36115 4968 1.6 8 5 2 3 83%  769 193 25%
c t  0.64  7 11 16 2113  2 36115 4966 1.6 8 5 2 3 83%  769 193 25%
c }  0.65  7 11 16 2122  2 36683 5438 1.6 8 5 2 3 83%  769 193 25%
c [  0.65  7 10 16 2122  1 36683 5438 1.4 10 7 2 3 99%  769 193 25%
c i  0.65  7 10 16 2122  1 36862 5501 1.4 10 7 2 3 98%  769 185 24%
c i  0.67  7  9 16 2124  1 37998 6101 1.4 10 7 2 3 97%  769 173 22%
c i  0.67  7  9 16 2124  1 38371 4800 1.4 10 7 2 3 74%  615 151 19%
c i  0.68  7  9 16 2124  1 38559 4898 1.4 10 7 2 3 74%  615 129 16%
c i  0.68  7  9 16 2124  1 38619 4919 1.4 10 7 2 3 74%  615 126 16%
c i  0.68  7  9 16 2124  1 38645 4926 1.4 10 7 2 3 74%  615 117 15%
c i  0.68  7  9 16 2124  1 38670 4935 1.4 10 7 2 3 74%  615 110 14%
c i  0.68  7  9 16 2124  1 38680 4939 1.4 10 7 2 3 74%  615  78 10%
c i  0.68  7  9 16 2124  1 38681 4939 1.4 10 7 2 3 74%  615  76 10%
c ]  0.68  7  9 16 2124  1 38683 4939 1.4 10 7 2 3 74%  615  58  7%
c 0  0.68  7  9 16 2124  1 38683 4939 1.4 10 7 2 3 74%  615  58  7%
c 
c --- [ closing proof ] ------------------------------------------------------
c 
c LRAT proof file 'verification/lrat/certs/proofs/R7_R7_ds_le15.lrat' closed
c LRAT 44935 added clauses 52.49%
c LRAT 40679 deleted clauses 47.51%
c LRAT 2608207 bytes (2.49 MB)
c 
c --- [ result ] -------------------------------------------------------------
c 
s UNSATISFIABLE
c 
c --- [ run-time profiling ] -------------------------------------------------
c 
c process time taken by individual solving procedures
c (percentage relative to process time for solving)
c 
c         0.61   90.24% search
c         0.36   52.83% unstable
c         0.24   35.63% stable
c         0.07    9.74% simplify
c         0.02    3.46% subsume
c         0.02    2.87% vivify
c         0.01    1.71% walk
c         0.01    1.58% sweep
c         0.00    0.58% elim
c         0.00    0.29% probe
c         0.00    0.25% congruence
c         0.00    0.13% ternary
c         0.00    0.09% backbone
c         0.00    0.06% parse
c         0.00    0.04% lucky
c   =================================
c         0.68   99.91% solve
c 
c last line shows process time for solving
c (percentage relative to total process time)
c 
c --- [ statistics ] ---------------------------------------------------------
c 
c chronological:              6755        17.46 %  of conflicts
c conflicts:                 38683     56957.04    per second
c backbone:                  12965      1651.59 %  of vars
c decisions:                 64726     95302.88    per second
c eliminated:                  472        60.13 %  of all variables
c fixed:                       255        32.48 %  of all variables
c learned:                   37675        97.39 %  per conflict
c learned_lits:             473610       100.00 %  learned literals
c minimized:                     0         0.00 %  learned literals
c shrunken:                 100689        21.26 %  learned literals
c minishrunken:              34780         7.34 %  learned literals
c otfs:                        310         0.80 %  of conflict
c propagations:            1847448         2.72 M  per second
c reduced:                   15467        39.98 %  per conflict
c rephased:                      8      4835.38    interval
c restarts:                   2124        18.21    interval
c stabilizing:                   4        36.73 %  of conflicts
c subsumed:                  10665        26.15 %  of all clauses
c strengthened:               2661         6.53 %  of all clauses
c ticks:                  22404939        12.59    propagation
c vivified:                    202         0.50 %  of all clauses
c walked:                        1     38683.00    interval
c weakened:                   1500         2.64    average size
c 
c seconds are measured in process time for solving
c 
c --- [ glue usage ] ---------------------------------------------------------
c 
c focused glue 2 used 29327 clauses 24.54% accumulated 69.92% tier1
c focused glue 3 used 15190 clauses 12.71% accumulated 82.63% tier2
c 
c stable glue 2 used 26292 clauses 24.23% accumulated 64.41% tier1
c stable glue 3 used 13857 clauses 12.77% accumulated 77.18% tier2
c 
c 
c --- [ resources ] ----------------------------------------------------------
c 
c total process time since initialization:         0.68    seconds
c total real time since initialization:            0.70    seconds
c maximum resident set size of process:          125.31    MB
c 
c --- [ shutting down ] ------------------------------------------------------
c 
c exit 20
